INFO:root:A
INFO:root:2022-08-22 SELL at 133.94 1469029
INFO:root:2022-09-09 SELL SL at 137.63 1415479
INFO:root:2022-10-19 SELL at 128.96 1349836
INFO:root:2022-10-24 SELL SL at 132.3 1306571
INFO:root:2024-09-20 SELL at 140.09 1420421
INFO:root:2024-09-24 SELL SL at 141.87 1499829
INFO:root:AAPL
INFO:root:2020-02-19 BUY at 80.9 122675114
INFO:root:2020-02-21 BUY SL at 78.26 115802857
INFO:root:2020-04-06 BUY at 65.62 242628943
INFO:root:2020-04-14 TP at 71.76 189883714
INFO:root:2020-11-04 BUY at 114.95 120582664
INFO:root:2020-11-09 TP at 116.32 123075771
INFO:root:2021-03-31 BUY at 122.15 106292093
INFO:root:2021-04-05 TP at 125.9 105094336
INFO:root:2023-02-27 BUY at 147.92 59745264
INFO:root:2023-03-01 BUY SL at 145.31 56786929
INFO:root:2023-05-05 BUY at 173.57 58949807
INFO:root:2023-05-31 TP at 177.25 54253921
INFO:root:2024-01-18 BUY at 188.63 55796236
INFO:root:2024-01-22 TP at 193.89 59524536
INFO:root:2024-09-18 BUY at 220.69 49025771
INFO:root:2024-09-19 TP at 228.87 50088271
INFO:root:2024-10-16 SELL at 231.78 39973814
INFO:root:2024-10-18 SELL SL at 235.0 39320771
INFO:root:ABBV
INFO:root:2020-02-04 BUY at 84.36 10174543
INFO:root:2020-02-05 TP at 86.63 10283864
INFO:root:2020-10-30 BUY at 85.1 8408479
INFO:root:2020-11-04 TP at 94.5 10211529
INFO:root:2022-07-15 BUY at 153.62 5559421
INFO:root:2022-07-18 BUY SL at 149.57 5663786
INFO:root:2022-10-28 SELL at 147.61 5250629
INFO:root:2022-11-14 SELL SL at 151.74 6010879
INFO:root:2023-04-26 SELL at 161.8 4375336
INFO:root:2023-04-27 TP at 148.87 5201386
INFO:root:ABNB
INFO:root:2021-11-29 BUY at 180.08 7141936
INFO:root:2021-11-30 BUY SL at 172.54 7258121
INFO:root:2022-03-16 BUY at 155.75 6748193
INFO:root:2022-03-22 TP at 166.44 6372314
INFO:root:2022-12-08 BUY at 94.83 5765429
INFO:root:2022-12-15 BUY SL at 90.61 6117250
INFO:root:2023-04-21 SELL at 115.5 5558379
INFO:root:2023-04-28 SELL SL at 119.67 4503814
INFO:root:2023-05-10 SELL at 113.19 7957164
INFO:root:2023-06-12 SELL SL at 124.59 6542536
INFO:root:2024-02-26 SELL at 149.27 6903257
INFO:root:2024-02-27 SELL SL at 152.06 6969407
INFO:root:2024-05-08 SELL at 157.9 3636529
INFO:root:2024-05-09 TP at 147.05 4415800
INFO:root:2024-08-06 BUY at 130.47 4992686
INFO:root:2024-08-07 BUY SL at 113.01 6809414
INFO:root:ABT
INFO:root:2020-04-01 SELL at 76.57 16347379
INFO:root:2020-04-02 SELL SL at 79.44 15765307
INFO:root:2020-06-24 SELL at 87.3 6341629
INFO:root:2020-06-30 SELL SL at 91.43 6070629
INFO:root:2020-09-01 SELL at 106.55 7229586
INFO:root:2020-09-02 SELL SL at 109.44 7436157
INFO:root:2022-07-15 BUY at 108.82 4456643
INFO:root:2022-08-23 BUY SL at 106.01 3407357
INFO:root:2022-10-19 SELL at 98.11 6890914
INFO:root:2022-11-22 SELL SL at 104.87 4920321
INFO:root:2022-12-15 SELL at 108.52 5407864
INFO:root:2023-01-04 SELL SL at 111.21 4071479
INFO:root:ACGL
INFO:root:2020-04-07 BUY at 27.88 3493000
INFO:root:2020-04-15 BUY SL at 27.35 2683714
INFO:root:2020-06-10 SELL at 32.86 3026179
INFO:root:2020-06-12 TP at 30.61 2851907
INFO:root:2022-02-25 BUY at 47.54 1887171
INFO:root:2022-03-01 BUY SL at 45.83 2061614
INFO:root:ACN
INFO:root:2020-05-18 BUY at 192.75 2255521
INFO:root:2020-05-28 TP at 201.67 2155086
INFO:root:2020-11-10 SELL at 238.71 1932964
INFO:root:2020-11-11 SELL SL at 242.75 1939814
INFO:root:2021-05-20 BUY at 283.95 1631671
INFO:root:2021-05-27 BUY SL at 280.05 2083100
INFO:root:2021-12-16 BUY at 400.6 2898071
INFO:root:2022-01-07 BUY SL at 370.75 2163900
INFO:root:2022-09-13 SELL at 281.52 1905350
INFO:root:2022-09-15 TP at 273.86 1989486
INFO:root:2022-10-07 SELL at 259.71 2553557
INFO:root:2022-10-13 TP at 257.46 2355243
INFO:root:2024-02-14 BUY at 370.98 1927000
INFO:root:2024-02-20 BUY SL at 362.95 2031471
INFO:root:2024-12-19 BUY at 372.16 2524171
INFO:root:2024-12-23 BUY SL at 358.77 2886471
INFO:root:ADBE
INFO:root:2020-11-04 BUY at 487.23 2331043
INFO:root:2020-11-10 BUY SL at 452.0 2738664
INFO:root:2022-02-10 SELL at 495.02 3877600
INFO:root:2022-02-11 TP at 473.97 3698243
INFO:root:2022-03-29 BUY at 466.33 4883657
INFO:root:2022-04-06 BUY SL at 444.33 4758114
INFO:root:2022-09-13 SELL at 368.39 2733286
INFO:root:2022-09-15 TP at 309.13 4583164
INFO:root:2022-12-16 BUY at 338.54 3665243
INFO:root:2022-12-19 BUY SL at 328.76 3786221
INFO:root:2023-02-03 SELL at 379.33 2741500
INFO:root:2023-02-21 TP at 346.7 2646671
INFO:root:2023-03-03 BUY at 344.04 3265193
INFO:root:2023-03-10 BUY SL at 329.3 3510236
INFO:root:2023-05-25 BUY at 392.06 3311150
INFO:root:2023-05-26 TP at 415.39 3646700
INFO:root:2023-08-02 SELL at 530.3 3287829
INFO:root:2023-08-30 SELL SL at 545.36 2088900
INFO:root:2023-12-14 SELL at 584.64 3517864
INFO:root:2024-01-25 SELL SL at 622.58 2707793
INFO:root:2024-12-12 SELL at 474.63 3943629
INFO:root:ADI
INFO:root:2020-02-24 SELL at 117.36 2485021
INFO:root:2020-02-27 TP at 107.72 2759950
INFO:root:2020-04-06 BUY at 95.8 3850307
INFO:root:2020-04-09 TP at 98.79 3483450
INFO:root:2020-04-22 BUY at 102.12 2845271
INFO:root:2020-04-27 TP at 108.03 2685871
INFO:root:2022-06-21 BUY at 148.35 3479121
INFO:root:2022-06-23 BUY SL at 145.54 3532343
INFO:root:2022-11-04 BUY at 144.29 3713771
INFO:root:2022-11-08 TP at 151.04 3942643
INFO:root:2023-03-29 BUY at 189.17 3634929
INFO:root:2023-03-30 TP at 194.21 3720664
INFO:root:2023-07-27 BUY at 195.45 3410943
INFO:root:2023-08-02 BUY SL at 192.46 3319964
INFO:root:2023-11-02 BUY at 164.34 3519221
INFO:root:2023-11-08 TP at 168.91 3418964
INFO:root:2024-11-06 BUY at 226.25 2578843
INFO:root:2024-11-13 BUY SL at 212.84 2987829
INFO:root:ADM
INFO:root:2020-04-21 SELL at 35.0 3268800
INFO:root:2020-04-27 SELL SL at 36.54 2938464
INFO:root:2020-06-11 SELL at 38.6 3306557
INFO:root:2020-07-23 SELL SL at 42.26 2242679
INFO:root:2023-03-15 SELL at 76.81 3050329
INFO:root:2023-03-28 SELL SL at 78.55 3258071
INFO:root:ADP
INFO:root:2020-04-06 BUY at 139.65 3859129
INFO:root:2020-05-05 TP at 145.82 2270043
INFO:root:2020-09-21 SELL at 131.03 2296179
INFO:root:2020-09-25 SELL SL at 134.54 2180986
INFO:root:2020-10-28 BUY at 155.08 2102686
INFO:root:2020-11-03 TP at 166.48 2112057
INFO:root:2021-10-11 SELL at 203.75 1203929
INFO:root:2021-10-14 SELL SL at 208.52 1256107
INFO:root:2022-02-10 SELL at 205.54 2551393
INFO:root:2022-02-14 TP at 201.98 2487779
INFO:root:2022-10-07 SELL at 227.12 1892950
INFO:root:2022-10-18 SELL SL at 235.02 1815721
INFO:root:ADSK
INFO:root:2020-11-10 SELL at 247.22 1405086
INFO:root:2020-11-25 SELL SL at 271.24 1499121
INFO:root:2021-02-17 SELL at 302.52 1263486
INFO:root:2021-02-23 TP at 290.25 1209521
