INFO:root:2022-08-22 SELL 7 at 133.94
INFO:root:2022-09-01 TP at 126.21
INFO:root:A processing
INFO:root:AAPL processing
INFO:root:AAPL Done!
INFO:root:2020-10-30 BUY 12 at 85.1
INFO:root:2020-11-04 TP at 97.49
INFO:root:ABBV processing
INFO:root:ABBV Done!
INFO:root:2023-04-21 SELL 9 at 115.5
INFO:root:2023-04-28 SELL SL at 119.67
INFO:root:2023-05-10 SELL 9 at 113.19
INFO:root:2023-05-12 TP at 104.21
INFO:root:ABNB processing
INFO:root:ABNB Done!
INFO:root:2020-04-01 SELL 13 at 76.57
INFO:root:2020-04-02 SELL SL at 79.44
INFO:root:2022-10-19 SELL 10 at 98.11
INFO:root:2022-11-22 SELL SL at 104.87
INFO:root:ABT processing
INFO:root:ABT Done!
INFO:root:2020-04-07 BUY 36 at 27.88
INFO:root:2020-04-15 BUY SL at 27.35
INFO:root:2020-06-10 SELL 30 at 32.86
INFO:root:2020-06-12 TP at 29.97
INFO:root:ACGL processing
INFO:root:ACGL Done!
INFO:root:2022-10-07 SELL 4 at 259.71
INFO:root:2022-10-11 TP at 251.27
INFO:root:ACN processing
INFO:root:ACN Done!
INFO:root:2020-11-04 BUY 2 at 487.23
INFO:root:2020-11-05 TP at 502.53
INFO:root:2020-11-10 SELL 2 at 452.0
INFO:root:2020-11-27 SELL SL at 477.03
INFO:root:2022-09-13 SELL 3 at 368.39
INFO:root:2022-09-15 TP at 305.0
INFO:root:2023-02-03 SELL 3 at 379.33
INFO:root:2023-02-17 TP at 352.12
INFO:root:2023-12-14 SELL 2 at 584.64
INFO:root:2024-01-03 TP at 570.19
INFO:root:2025-01-15 BUY 2 at 417.28
INFO:root:2025-01-17 TP at 435.99
INFO:root:ADBE processing
INFO:root:ADBE Done!
INFO:root:2020-02-24 SELL 9 at 117.36
INFO:root:2020-02-27 TP at 107.57
INFO:root:2024-11-06 BUY 4 at 226.25
INFO:root:2024-11-13 BUY SL at 212.84
INFO:root:ADI processing
INFO:root:ADI Done!
INFO:root:2020-04-21 SELL 29 at 35.0
INFO:root:2020-04-27 SELL SL at 36.54
INFO:root:ADM processing
INFO:root:ADM Done!
INFO:root:2020-04-06 BUY 7 at 139.65
INFO:root:2020-04-07 TP at 147.17
INFO:root:2020-10-28 BUY 6 at 155.08
INFO:root:2020-11-03 TP at 167.37
INFO:root:ADP processing
INFO:root:ADP Done!
INFO:root:2023-11-29 BUY 5 at 213.85
INFO:root:2023-12-11 TP at 228.28
INFO:root:ADSK processing
INFO:root:ADSK Done!
INFO:root:AEE processing
INFO:root:AEE Done!
INFO:root:AEP processing
INFO:root:AEP Done!
INFO:root:2020-06-16 BUY 73 at 13.66
INFO:root:2020-07-06 TP at 15.05
INFO:root:AES processing
INFO:root:AES Done!
INFO:root:2020-04-06 BUY 28 at 35.22
INFO:root:2020-04-09 TP at 39.82
INFO:root:2020-05-18 BUY 29 at 34.75
INFO:root:2020-06-03 TP at 38.66
INFO:root:AFL processing
INFO:root:AFL Done!
INFO:root:2021-12-21 BUY 18 at 55.14
INFO:root:2021-12-28 TP at 57.6
INFO:root:AIG processing
INFO:root:AIG Done!
INFO:root:2020-05-18 BUY 10 at 98.29
INFO:root:2020-05-26 TP at 105.66
INFO:root:2020-06-11 SELL 10 at 104.81
INFO:root:2020-06-25 TP at 98.01
INFO:root:2023-03-21 BUY 9 at 116.44
INFO:root:2023-04-28 TP at 124.06
INFO:root:AIZ processing
INFO:root:AIZ Done!
INFO:root:AJG processing
INFO:root:AJG Done!
INFO:root:2024-11-08 SELL 11 at 89.37
INFO:root:AKAM processing
INFO:root:AKAM Done!
INFO:root:2020-06-11 SELL 13 at 74.52
INFO:root:2020-07-06 SELL SL at 81.22
INFO:root:2023-12-11 SELL 8 at 126.54
INFO:root:2023-12-12 SELL SL at 127.94
INFO:root:2024-03-05 SELL 9 at 109.4
INFO:root:2024-03-27 SELL SL at 128.8
INFO:root:2024-09-11 BUY 11 at 89.3
INFO:root:2024-09-27 TP at 98.25
INFO:root:ALB processing
INFO:root:2023-01-23 BUY 4 at 251.38
INFO:root:2023-01-26 TP at 263.1
INFO:root:ALGN processing
INFO:root:ALL processing
INFO:root:ALL Done!
INFO:root:2020-06-11 SELL 10 at 101.56
INFO:root:2020-06-25 TP at 95.08
INFO:root:ALLE processing
INFO:root:ALLE Done!
INFO:root:2021-02-19 BUY 8 at 119.46
INFO:root:2021-02-22 BUY SL at 115.23
INFO:root:2022-09-13 SELL 11 at 90.39
INFO:root:2022-09-22 TP at 84.59
INFO:root:2023-05-25 BUY 8 at 130.47
INFO:root:2023-05-26 TP at 136.69
INFO:root:2023-11-17 SELL 7 at 148.59
INFO:root:2023-11-20 SELL SL at 152.57
INFO:root:2024-01-26 SELL 6 at 166.9
INFO:root:2024-02-05 SELL SL at 171.09
INFO:root:2024-02-20 SELL 5 at 189.14
INFO:root:2024-02-22 SELL SL at 199.73
INFO:root:AMAT processing
INFO:root:AMAT Done!
INFO:root:2022-08-10 BUY 79 at 12.71
INFO:root:2022-08-16 TP at 13.37
INFO:root:AMCR processing
INFO:root:AMCR Done!
INFO:root:2020-06-11 SELL 19 at 52.83
INFO:root:2020-06-26 TP at 49.45
INFO:root:2025-01-08 SELL 8 at 121.84
INFO:root:2025-01-10 TP at 114.45
INFO:root:AMD processing
INFO:root:AMD Done!
INFO:root:AME processing
INFO:root:AME Done!
INFO:root:AMGN processing
INFO:root:AMGN Done!
INFO:root:2023-03-24 SELL 3 at 291.44
INFO:root:2023-03-27 SELL SL at 298.23
INFO:root:AMP processing
INFO:root:AMP Done!
INFO:root:AMT processing
INFO:root:AMT Done!
INFO:root:2022-02-04 BUY 6 at 157.64
INFO:root:2022-03-07 BUY SL at 137.45
INFO:root:2023-08-04 BUY 7 at 139.57
INFO:root:2023-09-21 BUY SL at 129.33
INFO:root:2024-04-26 BUY 6 at 179.62
INFO:root:2024-05-03 TP at 187.87
INFO:root:2024-10-31 SELL 5 at 186.4
INFO:root:2024-11-01 SELL SL at 197.93
INFO:root:AMZN processing
INFO:root:AMZN Done!
INFO:root:2022-11-09 SELL 33 at 30.73
INFO:root:2022-11-11 SELL SL at 32.14
INFO:root:2023-08-01 BUY 22 at 46.4
INFO:root:2023-11-01 TP at 52.94
INFO:root:2024-02-02 BUY 15 at 68.28
INFO:root:2024-02-06 BUY SL at 66.22
INFO:root:2024-08-02 SELL 13 at 79.83
INFO:root:2024-08-08 SELL SL at 83.62
INFO:root:ANET processing
INFO:root:ANET Done!
INFO:root:ANSS processing
INFO:root:ANSS Done!
INFO:root:AON processing
INFO:root:AON Done!
INFO:root:2022-08-08 BUY 16 at 61.5
INFO:root:2022-08-09 BUY SL at 60.3
INFO:root:AOS processing
INFO:root:AOS Done!
INFO:root:2021-05-11 SELL 48 at 21.04
INFO:root:2021-05-17 SELL SL at 22.16
INFO:root:2022-11-29 BUY 21 at 46.59
INFO:root:2022-12-06 BUY SL at 43.87
INFO:root:APA processing
INFO:root:APA Done!
INFO:root:2020-11-11 SELL 4 at 280.84
INFO:root:2020-11-12 TP at 263.61
INFO:root:APD processing
INFO:root:APD Done!
INFO:root:2020-06-09 SELL 39 at 25.43
INFO:root:2020-06-11 TP at 23.62
INFO:root:APH processing
INFO:root:APH Done!
INFO:root:2020-04-06 BUY 28 at 35.92
INFO:root:2020-04-09 TP at 40.9
INFO:root:2020-04-21 SELL 28 at 35.5
INFO:root:2020-04-23 SELL SL at 38.05
INFO:root:APO processing
INFO:root:APO Done!
INFO:root:APP processing
INFO:root:APP Done!
INFO:root:2020-06-09 SELL 13 at 75.91
INFO:root:2020-08-10 SELL SL at 86.44
INFO:root:2023-03-15 SELL 9 at 108.76
INFO:root:2023-03-16 SELL SL at 112.17
INFO:root:2024-08-02 SELL 14 at 69.63
INFO:root:2024-08-23 SELL SL at 72.29
INFO:root:APTV processing
INFO:root:APTV Done!
INFO:root:ARE processing
INFO:root:ARE Done!
INFO:root:2024-02-28 SELL 7 at 133.86
INFO:root:2024-02-29 SELL SL at 141.04
INFO:root:ARM processing
INFO:root:ARM Done!
INFO:root:2020-02-04 BUY 3 at 299.23
INFO:root:2020-02-05 TP at 307.35
INFO:root:2020-02-18 SELL 3 at 309.18
INFO:root:2020-02-19 SELL SL at 317.39
INFO:root:2020-06-08 SELL 3 at 349.25
INFO:root:2020-06-11 TP at 332.8
INFO:root:2020-10-15 SELL 3 at 386.57
INFO:root:2020-10-22 TP at 375.4
INFO:root:2022-06-21 BUY 2 at 494.35
INFO:root:2022-06-30 BUY SL at 475.88
INFO:root:2022-09-13 SELL 2 at 471.1
INFO:root:2022-09-20 TP at 457.36
INFO:root:2022-10-07 SELL 2 at 434.26
INFO:root:2022-10-11 TP at 394.01
INFO:root:2023-05-10 BUY 2 at 657.14
INFO:root:2023-05-17 TP at 671.4
INFO:root:2023-05-24 SELL 1 at 666.79
INFO:root:2023-05-25 SELL SL at 708.48
INFO:root:2023-07-27 BUY 1 at 708.12
INFO:root:2023-08-02 BUY SL at 683.06
INFO:root:2024-02-22 BUY 1 at 951.85
INFO:root:2024-03-01 TP at 991.45
INFO:root:2024-04-02 SELL 1 at 966.71
INFO:root:2024-04-03 SELL SL at 980.27
INFO:root:2024-09-20 SELL 1 at 795.28
INFO:root:2024-09-26 SELL SL at 852.44
INFO:root:2024-11-15 SELL 2 at 658.63
INFO:root:2024-11-18 TP at 648.0
INFO:root:2025-01-13 SELL 1 at 727.41
INFO:root:2025-01-14 SELL SL at 736.29
INFO:root:ASML processing
INFO:root:ASML Done!
INFO:root:ATO processing
INFO:root:ATO Done!
INFO:root:AVB processing
INFO:root:AVB Done!
INFO:root:2022-09-02 BUY 20 at 50.02
INFO:root:2022-09-20 BUY SL at 49.31
INFO:root:2024-11-06 BUY 6 at 179.55
INFO:root:2024-11-13 BUY SL at 173.58
INFO:root:AVGO processing
INFO:root:AVGO Done!
INFO:root:AVY processing
INFO:root:AVY Done!
INFO:root:AWK processing
INFO:root:AWK Done!
INFO:root:2022-08-10 BUY 8 at 126.07
INFO:root:2022-09-22 BUY SL at 111.95
INFO:root:AXON processing
INFO:root:AXON Done!
INFO:root:2020-04-07 BUY 11 at 87.58
INFO:root:2020-04-15 BUY SL at 83.79
INFO:root:2020-05-01 SELL 11 at 88.32
INFO:root:2020-05-13 TP at 77.4
INFO:root:2022-10-07 SELL 7 at 139.0
INFO:root:2022-10-18 SELL SL at 145.99
INFO:root:2023-05-26 BUY 6 at 157.24
INFO:root:2023-06-01 TP at 163.99
INFO:root:2023-07-06 SELL 6 at 170.94
INFO:root:2023-07-11 SELL SL at 174.64
INFO:root:AXP processing
INFO:root:AXP Done!
INFO:root:2020-02-18 BUY 20 at 49.11
INFO:root:2020-02-24 BUY SL at 47.59
INFO:root:2020-03-02 BUY 22 at 45.87
INFO:root:2020-03-04 TP at 48.69
INFO:root:2020-05-28 BUY 19 at 53.5
INFO:root:2020-06-11 BUY SL at 51.57
INFO:root:2020-06-18 SELL 19 at 52.66
INFO:root:2020-06-23 SELL SL at 54.25
INFO:root:2020-11-04 BUY 18 at 55.04
INFO:root:2020-12-14 BUY SL at 50.03
INFO:root:2021-03-16 BUY 20 at 50.05
INFO:root:2021-03-19 BUY SL at 49.21
INFO:root:2021-09-27 SELL 17 at 58.72
INFO:root:2021-09-28 TP at 57.11
INFO:root:2021-12-07 SELL 18 at 54.76
INFO:root:2021-12-08 SELL SL at 55.13
INFO:root:2022-02-25 BUY 17 at 60.58
INFO:root:2022-03-04 BUY SL at 57.47
INFO:root:2022-05-18 SELL 16 at 63.32
INFO:root:2022-05-20 SELL SL at 66.21
INFO:root:2022-07-15 BUY 15 at 67.36
INFO:root:2022-08-11 BUY SL at 64.65
INFO:root:2022-09-13 SELL 17 at 58.99
INFO:root:2022-09-20 TP at 56.88
INFO:root:2022-10-06 SELL 18 at 54.91
INFO:root:2022-10-17 SELL SL at 56.18
INFO:root:2023-06-20 SELL 14 at 73.95
INFO:root:2023-06-23 TP at 72.0
INFO:root:2023-07-03 SELL 15 at 65.25
INFO:root:2023-07-31 SELL SL at 71.7
INFO:root:2023-08-03 SELL 14 at 69.67
INFO:root:2023-08-08 SELL SL at 70.48
INFO:root:2023-09-12 BUY 15 at 67.34
INFO:root:2023-09-13 BUY SL at 66.45
INFO:root:2024-11-22 BUY 15 at 65.63
INFO:root:2024-12-03 TP at 68.65
INFO:root:2024-12-04 SELL 15 at 66.78
INFO:root:2024-12-06 SELL SL at 68.2
INFO:root:AZN processing
INFO:root:AZN Done!
INFO:root:AZO processing
INFO:root:AZO Done!
INFO:root:2020-06-11 SELL 6 at 170.0
INFO:root:2020-06-16 SELL SL at 197.77
INFO:root:BA processing
INFO:root:BA Done!
INFO:root:2020-05-01 SELL 43 at 23.08
INFO:root:2020-05-13 TP at 20.72
INFO:root:2020-11-04 SELL 42 at 23.68
INFO:root:2020-11-05 SELL SL at 24.61
INFO:root:2022-07-15 BUY 31 at 32.25
INFO:root:2022-08-05 TP at 34.33
INFO:root:BAC processing
INFO:root:BAC Done!
INFO:root:BALL processing
INFO:root:BALL Done!
INFO:root:BAX processing
INFO:root:BAX Done!
INFO:root:2022-11-22 BUY 13 at 79.88
INFO:root:2022-11-30 TP at 85.65
INFO:root:2024-11-26 SELL 11 at 88.48
INFO:root:BBY processing
INFO:root:BBY Done!
INFO:root:BDX processing
INFO:root:BDX Done!
INFO:root:2020-02-24 SELL 41 at 24.19
INFO:root:2020-02-28 TP at 21.36
INFO:root:2020-06-11 SELL 48 at 20.85
INFO:root:2020-06-16 SELL SL at 22.49
INFO:root:2022-03-10 SELL 37 at 27.23
INFO:root:2022-03-29 SELL SL at 28.98
INFO:root:2022-06-29 SELL 43 at 23.27
INFO:root:2022-07-19 SELL SL at 25.37
INFO:root:BEN processing
INFO:root:BEN Done!
ERROR:yfinance:
1 Failed download:
ERROR:yfinance:['BF.B']: YFPricesMissingError('$%ticker%: possibly delisted; no price data found  (1d 2020-01-01 00:00:00 -> 2025-01-19)')
INFO:root:BF.B processing
INFO:root:2020-04-21 SELL 28 at 36.13
INFO:root:2020-04-23 SELL SL at 39.13
INFO:root:BG processing
INFO:root:BG Done!
INFO:root:BIIB processing
INFO:root:BIIB Done!
INFO:root:2020-04-16 BUY 28 at 36.14
INFO:root:2020-05-05 BUY SL at 35.14
INFO:root:2020-11-03 BUY 28 at 35.99
INFO:root:2020-11-04 BUY SL at 34.7
INFO:root:BK processing
INFO:root:BK Done!
INFO:root:2022-09-13 SELL 1 at 1920.8
INFO:root:2022-09-14 TP at 1897.12
INFO:root:2023-08-04 BUY 0 at 3063.16
INFO:root:2023-08-07 TP at 3246.79
INFO:root:2024-02-23 SELL 0 at 3505.96
INFO:root:2024-05-09 SELL SL at 3780.03
INFO:root:BKNG processing
INFO:root:BKNG Done!
INFO:root:BKR processing
INFO:root:BKR Done!
INFO:root:2020-05-01 SELL 58 at 17.24
INFO:root:2020-05-18 SELL SL at 18.88
INFO:root:2024-05-07 SELL 6 at 162.62
INFO:root:2024-06-03 TP at 151.56
INFO:root:BLDR processing
INFO:root:BLK processing
INFO:root:BLK Done!
INFO:root:BMY processing
INFO:root:BMY Done!
INFO:root:BR processing
INFO:root:BR Done!
ERROR:yfinance:
1 Failed download:
ERROR:yfinance:['BRK.B']: YFTzMissingError('$%ticker%: possibly delisted; no timezone found')
INFO:root:BRK.B processing
INFO:root:2022-10-25 SELL 18 at 55.1
INFO:root:2023-04-25 SELL SL at 63.01
INFO:root:BRO processing
INFO:root:BRO Done!
INFO:root:BSX processing
INFO:root:BSX Done!
INFO:root:2020-06-11 SELL 35 at 28.75
INFO:root:2020-06-23 SELL SL at 31.18
INFO:root:2022-09-13 SELL 30 at 33.4
INFO:root:2022-09-14 TP at 32.33
INFO:root:2024-08-02 SELL 30 at 33.04
INFO:root:2024-08-23 SELL SL at 33.99
INFO:root:BWA processing
INFO:root:BWA Done!
INFO:root:2020-04-06 BUY 21 at 46.57
INFO:root:2020-04-07 TP at 52.69
INFO:root:2021-12-08 SELL 7 at 135.34
INFO:root:2021-12-14 TP at 123.32
INFO:root:2023-06-05 SELL 12 at 85.52
INFO:root:2023-06-08 SELL SL at 88.66
INFO:root:BX processing
INFO:root:2020-05-18 BUY 12 at 80.93
INFO:root:2020-05-19 BUY SL at 77.82
INFO:root:2020-06-11 SELL 11 at 92.59
INFO:root:2020-06-26 TP at 87.03
INFO:root:BXP processing
INFO:root:BXP Done!
INFO:root:2021-11-26 SELL 15 at 65.5
INFO:root:2021-12-09 TP at 60.85
INFO:root:C processing
INFO:root:C Done!
INFO:root:CAG skipped
INFO:root:2020-11-17 SELL 18 at 54.68
INFO:root:2021-03-18 SELL SL at 58.28
INFO:root:2024-02-01 SELL 10 at 105.1
INFO:root:2024-02-23 SELL SL at 108.09
INFO:root:CAH processing
INFO:root:CAH Done!
INFO:root:CARR processing
INFO:root:CARR Done!
INFO:root:2020-06-11 SELL 8 at 121.55
INFO:root:2020-07-13 SELL SL at 130.57
INFO:root:2021-12-22 BUY 5 at 202.15
INFO:root:2022-01-04 TP at 218.92
INFO:root:CAT processing
INFO:root:2020-05-01 SELL 10 at 101.59
INFO:root:2020-05-06 TP at 95.05
INFO:root:2020-05-18 BUY 9 at 105.34
INFO:root:2020-05-21 TP at 113.48
INFO:root:CB processing
INFO:root:CB Done!
INFO:root:CBOE processing
INFO:root:CBOE Done!
INFO:root:2020-04-17 BUY 22 at 44.5
INFO:root:2020-04-20 BUY SL at 41.96
INFO:root:2020-05-18 BUY 26 at 39.09
INFO:root:2020-05-27 TP at 45.6
INFO:root:2020-10-29 BUY 19 at 51.3
INFO:root:2020-11-09 TP at 62.41
INFO:root:2022-12-16 SELL 13 at 75.8
INFO:root:2022-12-29 SELL SL at 77.55
INFO:root:CBRE processing
INFO:root:CBRE Done!
INFO:root:2024-11-15 SELL 13 at 75.76
INFO:root:2024-12-09 SELL SL at 78.72
INFO:root:CCEP processing
INFO:root:CCI processing
INFO:root:CCI Done!
INFO:root:2020-04-14 BUY 80 at 12.51
INFO:root:2020-04-22 BUY SL at 11.64
INFO:root:2020-06-11 SELL 57 at 17.44
INFO:root:2020-06-12 SELL SL at 19.98
INFO:root:2020-11-12 SELL 67 at 14.93
INFO:root:2020-11-16 SELL SL at 17.57
INFO:root:2022-04-06 SELL 53 at 18.93
INFO:root:2022-04-26 TP at 17.43
INFO:root:2022-11-16 SELL 104 at 9.63
INFO:root:2022-12-15 TP at 8.47
INFO:root:CCL skipped
INFO:root:CDNS processing
INFO:root:CDNS Done!
INFO:root:CDW processing
INFO:root:CDW Done!
INFO:root:2020-02-05 BUY 9 at 109.86
INFO:root:2020-02-10 BUY SL at 107.57
INFO:root:2020-05-11 SELL 12 at 80.01
INFO:root:2020-05-13 TP at 73.16
INFO:root:2022-09-13 SELL 9 at 109.29
INFO:root:2022-09-16 TP at 100.11
INFO:root:CE processing
INFO:root:CE Done!
INFO:root:2024-08-02 SELL 6 at 167.08
INFO:root:2024-08-05 TP at 155.6
INFO:root:CEG processing
INFO:root:CEG Done!
INFO:root:2022-03-30 BUY 10 at 101.01
INFO:root:2022-04-01 BUY SL at 99.79
INFO:root:CF processing
INFO:root:CF Done!
INFO:root:2020-11-04 SELL 37 at 26.72
INFO:root:2020-11-05 SELL SL at 28.91
INFO:root:2021-12-21 BUY 22 at 45.83
INFO:root:2022-01-03 TP at 49.55
INFO:root:CFG processing
INFO:root:CFG Done!
INFO:root:CHD processing
INFO:root:CHD Done!
INFO:root:CHRW processing
INFO:root:CHRW Done!
INFO:root:CHTR processing
INFO:root:CHTR Done!
INFO:root:CI processing
INFO:root:CI Done!
INFO:root:2020-06-11 SELL 17 at 58.66
INFO:root:2020-07-06 SELL SL at 68.06
INFO:root:2022-02-25 BUY 8 at 124.94
INFO:root:2022-03-08 BUY SL at 119.32
INFO:root:CINF processing
INFO:root:CINF Done!
INFO:root:CL processing
INFO:root:CL Done!
INFO:root:CLX processing
INFO:root:CLX Done!
INFO:root:2021-10-08 SELL 18 at 54.7
INFO:root:2021-10-11 TP at 52.17
INFO:root:CMCSA processing
INFO:root:CMCSA Done!
INFO:root:2020-06-11 SELL 6 at 174.18
INFO:root:2020-06-24 TP at 165.93
INFO:root:CME processing
INFO:root:CME Done!
INFO:root:CMG processing
INFO:root:CMG Done!
INFO:root:CMI processing
INFO:root:CMI Done!
INFO:root:CMS processing
INFO:root:CMS Done!
INFO:root:2023-07-19 BUY 15 at 68.49
INFO:root:2023-07-28 BUY SL at 66.18
INFO:root:2024-10-28 SELL 16 at 61.65
INFO:root:2024-11-05 SELL SL at 64.8
INFO:root:CNC processing
INFO:root:CNC Done!
INFO:root:CNP processing
INFO:root:CNP Done!
INFO:root:2021-06-21 BUY 6 at 154.89
INFO:root:2021-08-10 TP at 171.29
INFO:root:COF processing
INFO:root:COF Done!
INFO:root:2020-06-16 BUY 13 at 75.03
INFO:root:2020-06-24 BUY SL at 70.35
INFO:root:COO processing
INFO:root:COO Done!
INFO:root:2020-06-11 SELL 24 at 42.12
INFO:root:2020-07-30 TP at 35.9
INFO:root:2021-08-23 BUY 18 at 54.79
INFO:root:2021-08-27 TP at 57.12
INFO:root:COP processing
INFO:root:COP Done!
INFO:root:2022-02-25 BUY 7 at 141.92
INFO:root:2022-03-04 TP at 147.51
INFO:root:COR processing
INFO:root:COR Done!
INFO:root:2020-03-02 BUY 3 at 309.14
INFO:root:2020-03-04 TP at 320.97
INFO:root:COST processing
INFO:root:COST Done!
INFO:root:2022-09-13 SELL 5 at 212.04
INFO:root:2022-09-15 TP at 204.46
INFO:root:CPAY processing
INFO:root:CPAY Done!
INFO:root:CPB processing
INFO:root:CPB Done!
INFO:root:CPRT processing
INFO:root:CPRT Done!
INFO:root:2020-09-29 SELL 11 at 89.42
INFO:root:2020-10-01 SELL SL at 91.99
INFO:root:CPT processing
INFO:root:CPT Done!
INFO:root:2020-04-06 BUY 8 at 132.81
INFO:root:2020-04-08 TP at 142.49
INFO:root:2020-04-21 SELL 7 at 135.06
INFO:root:2020-04-29 SELL SL at 145.96
INFO:root:CRL processing
INFO:root:CRL Done!
INFO:root:CRM processing
INFO:root:CRM Done!
INFO:root:2020-12-03 BUY 6 at 161.19
INFO:root:2020-12-07 TP at 172.69
INFO:root:2022-12-01 BUY 8 at 124.07
INFO:root:2022-12-06 BUY SL at 113.83
INFO:root:2024-02-22 BUY 3 at 310.91
INFO:root:2024-03-06 TP at 365.0
INFO:root:CRWD processing
INFO:root:CRWD Done!
INFO:root:CSCO processing
INFO:root:CSCO Done!
INFO:root:2020-11-10 SELL 11 at 88.61
INFO:root:2020-11-13 SELL SL at 91.71
INFO:root:CSGP processing
INFO:root:CSGP Done!
INFO:root:2020-04-17 BUY 48 at 20.92
INFO:root:2020-04-20 BUY SL at 20.33
INFO:root:CSX processing
INFO:root:CSX Done!
INFO:root:2020-04-21 SELL 21 at 47.62
INFO:root:2020-04-22 SELL SL at 49.36
INFO:root:2020-06-11 SELL 15 at 66.0
INFO:root:2020-06-18 SELL SL at 68.95
INFO:root:CTAS processing
INFO:root:CTAS Done!
INFO:root:2022-05-13 BUY 34 at 29.78
INFO:root:2022-05-24 TP at 32.9
INFO:root:CTRA processing
INFO:root:CTRA Done!
INFO:root:2020-04-06 BUY 21 at 48.45
INFO:root:2020-04-09 TP at 55.25
INFO:root:2020-06-11 SELL 19 at 53.66
INFO:root:2020-06-30 SELL SL at 56.82
INFO:root:2022-11-10 BUY 17 at 57.29
INFO:root:2023-02-01 TP at 69.29
INFO:root:CTSH processing
INFO:root:CTSH Done!
INFO:root:2020-09-28 BUY 35 at 28.97
INFO:root:2020-10-07 TP at 31.08
INFO:root:2021-01-28 BUY 25 at 40.29
INFO:root:2021-02-05 TP at 44.93
INFO:root:CTVA processing
INFO:root:CTVA Done!
INFO:root:2020-06-11 SELL 16 at 63.16
INFO:root:2020-09-10 TP at 57.96
INFO:root:2020-11-17 SELL 15 at 67.14
INFO:root:2020-12-03 SELL SL at 72.52
INFO:root:2022-10-25 SELL 11 at 92.22
INFO:root:2022-10-28 SELL SL at 94.19
INFO:root:CVS processing
INFO:root:CVS Done!
INFO:root:2020-06-11 SELL 11 at 89.37
INFO:root:2020-07-09 TP at 82.69
INFO:root:2021-08-23 BUY 10 at 96.73
INFO:root:2021-09-20 BUY SL at 94.78
INFO:root:2022-03-21 BUY 6 at 164.64
INFO:root:2022-04-18 TP at 174.54
INFO:root:CVX processing
INFO:root:CVX Done!
INFO:root:2021-05-05 BUY 10 at 102.98
INFO:root:2021-05-12 BUY SL at 92.41
INFO:root:2022-09-13 SELL 22 at 45.58
INFO:root:2022-09-21 TP at 41.52
INFO:root:2022-12-14 SELL 20 at 49.69
INFO:root:2022-12-20 TP at 44.5
INFO:root:CZR processing
INFO:root:CZR Done!
INFO:root:D processing
INFO:root:D Done!
INFO:root:2024-01-12 SELL 26 at 38.47
INFO:root:2024-02-22 SELL SL at 42.12
INFO:root:DAL processing
INFO:root:DAL Done!
INFO:root:2023-02-10 SELL 17 at 57.72
INFO:root:2023-02-14 SELL SL at 61.61
INFO:root:2024-02-22 BUY 8 at 121.41
INFO:root:2024-03-04 TP at 134.43
INFO:root:DASH processing
INFO:root:DASH Done!
INFO:root:DAY processing
INFO:root:DAY Done!
INFO:root:DD processing
INFO:root:2021-12-14 SELL 6 at 160.78
INFO:root:2021-12-15 SELL SL at 171.02
INFO:root:2023-02-03 SELL 13 at 79.46
INFO:root:2023-02-14 SELL SL at 85.48
INFO:root:2023-07-26 SELL 9 at 110.64
INFO:root:2023-07-31 SELL SL at 116.72
INFO:root:DDOG processing
INFO:root:DDOG Done!
INFO:root:2021-11-24 BUY 3 at 367.86
INFO:root:2021-11-29 BUY SL at 348.09
INFO:root:2022-05-27 BUY 3 at 360.73
INFO:root:2022-06-09 BUY SL at 345.33
INFO:root:DE processing
INFO:root:2021-02-02 BUY 19 at 52.0
INFO:root:2021-02-22 TP at 56.76
INFO:root:2024-08-02 SELL 7 at 144.22
INFO:root:2024-08-12 SELL SL at 153.05
INFO:root:DECK processing
INFO:root:DECK Done!
INFO:root:2020-05-08 BUY 45 at 22.12
INFO:root:2020-05-13 BUY SL at 20.8
INFO:root:2023-05-25 BUY 21 at 48.08
INFO:root:2023-05-31 BUY SL at 44.81
INFO:root:2024-05-31 SELL 7 at 139.56
INFO:root:2024-07-17 TP at 124.67
INFO:root:DELL processing
INFO:root:DELL Done!
INFO:root:2020-04-01 SELL 32 at 31.53
INFO:root:2020-04-08 SELL SL at 37.22
INFO:root:2020-04-15 SELL 30 at 32.98
INFO:root:2020-04-17 SELL SL at 35.04
INFO:root:2020-05-01 SELL 24 at 41.37
INFO:root:2020-05-08 SELL SL at 42.72
INFO:root:2022-02-25 BUY 8 at 124.01
INFO:root:2022-03-01 BUY SL at 113.89
INFO:root:2022-07-21 SELL 10 at 100.0
INFO:root:2022-08-10 SELL SL at 107.98
INFO:root:2022-10-07 SELL 11 at 93.4
INFO:root:2022-10-18 SELL SL at 96.29
INFO:root:2022-12-22 SELL 10 at 96.86
INFO:root:2022-12-23 SELL SL at 97.6
INFO:root:DFS processing
INFO:root:DFS Done!
INFO:root:DG processing
INFO:root:DG Done!
INFO:root:DGX processing
INFO:root:DGX Done!
INFO:root:2022-02-09 BUY 11 at 88.75
INFO:root:2022-02-10 BUY SL at 85.03
INFO:root:DHI processing
INFO:root:2022-10-19 SELL 4 at 228.63
INFO:root:2022-10-20 TP at 214.17
INFO:root:DHR processing
INFO:root:DHR Done!
INFO:root:2020-04-06 BUY 4 at 226.53
INFO:root:2020-04-07 TP at 236.16
INFO:root:2020-06-11 SELL 4 at 252.03
INFO:root:2020-07-22 SELL SL at 269.98
INFO:root:2020-11-03 BUY 4 at 274.65
INFO:root:2020-11-04 TP at 283.06
INFO:root:2021-12-21 BUY 3 at 354.91
INFO:root:2021-12-27 TP at 362.96
INFO:root:2022-10-07 SELL 3 at 292.97
INFO:root:2022-10-13 SELL SL at 300.56
INFO:root:DIA processing
INFO:root:2021-11-11 SELL 6 at 162.11
INFO:root:2021-11-19 TP at 152.77
INFO:root:2022-11-21 BUY 10 at 97.58
INFO:root:2022-12-06 BUY SL at 92.29
INFO:root:DIS processing
INFO:root:DIS Done!
INFO:root:DLR processing
INFO:root:DLR Done!
INFO:root:2023-11-16 SELL 9 at 113.7
INFO:root:2023-11-29 SELL SL at 121.12
INFO:root:DLTR processing
INFO:root:DLTR Done!
INFO:root:DOC processing
INFO:root:DOC Done!
INFO:root:2020-04-17 BUY 11 at 88.49
INFO:root:2020-04-21 BUY SL at 84.51
INFO:root:2022-04-21 SELL 7 at 144.16
INFO:root:2022-04-29 TP at 132.69
INFO:root:DOV processing
INFO:root:DOV Done!
INFO:root:2020-06-11 SELL 25 at 39.26
INFO:root:2020-07-16 SELL SL at 43.83
INFO:root:2022-09-13 SELL 21 at 47.87
INFO:root:2022-09-16 TP at 45.41
INFO:root:2023-06-02 BUY 19 at 51.61
INFO:root:2023-06-07 TP at 53.95
INFO:root:DOW processing
INFO:root:DOW Done!
INFO:root:DPZ processing
INFO:root:DPZ Done!
INFO:root:2020-04-17 BUY 16 at 63.35
INFO:root:2020-04-27 TP at 72.61
INFO:root:DRI processing
INFO:root:DRI Done!
INFO:root:DTE processing
INFO:root:DTE Done!
INFO:root:DUK processing
INFO:root:DUK Done!
INFO:root:2022-10-28 SELL 14 at 70.54
INFO:root:2023-05-09 SELL SL at 100.72
INFO:root:DVA processing
INFO:root:DVA Done!
INFO:root:2020-06-11 SELL 82 at 12.2
INFO:root:2020-07-09 TP at 9.78
INFO:root:2021-08-23 BUY 37 at 27.26
INFO:root:2021-08-25 TP at 29.51
INFO:root:2021-09-22 BUY 33 at 30.44
INFO:root:2021-09-23 TP at 32.92
INFO:root:2021-11-29 BUY 23 at 43.92
INFO:root:2021-11-30 BUY SL at 42.06
INFO:root:2023-03-21 BUY 20 at 49.06
INFO:root:2023-03-23 BUY SL at 46.72
INFO:root:DVN processing
INFO:root:DVN Done!
INFO:root:DXCM processing
INFO:root:DXCM Done!
INFO:root:2020-11-06 SELL 8 at 119.19
INFO:root:2020-11-27 SELL SL at 124.17
INFO:root:EA processing
INFO:root:EA Done!
INFO:root:2020-04-06 BUY 32 at 31.18
INFO:root:2020-04-08 TP at 33.08
INFO:root:EBAY processing
INFO:root:2020-03-02 BUY 5 at 191.22
INFO:root:2020-03-04 TP at 204.53
INFO:root:2020-06-11 SELL 5 at 202.54
INFO:root:2020-06-15 TP at 196.69
INFO:root:ECL processing
INFO:root:ECL Done!
INFO:root:ED processing
INFO:root:ED Done!
INFO:root:2022-12-15 SELL 5 at 197.81
INFO:root:2022-12-20 TP at 187.11
INFO:root:EFX processing
INFO:root:EFX Done!
INFO:root:2020-05-18 BUY 6 at 180.36
INFO:root:2020-05-19 TP at 189.13
INFO:root:2020-06-11 SELL 5 at 211.0
INFO:root:2020-06-16 SELL SL at 220.58
INFO:root:EG processing
INFO:root:EG Done!
INFO:root:EIX processing
INFO:root:EIX Done!
INFO:root:2020-04-06 BUY 6 at 160.5
INFO:root:2020-04-09 TP at 169.24
INFO:root:2020-08-24 BUY 5 at 212.57
INFO:root:2020-08-28 TP at 223.54
INFO:root:2022-11-04 BUY 5 at 210.53
INFO:root:2022-11-11 TP at 232.33
INFO:root:EL processing
INFO:root:EL Done!
INFO:root:2022-07-15 BUY 2 at 488.92
INFO:root:2022-07-19 TP at 499.33
INFO:root:ELV processing
INFO:root:ELV Done!
INFO:root:2020-06-11 SELL 15 at 66.53
INFO:root:2020-07-15 SELL SL at 75.23
INFO:root:2022-09-13 SELL 12 at 84.11
INFO:root:2022-09-16 TP at 77.74
INFO:root:EMN processing
INFO:root:EMN Done!
INFO:root:2020-06-11 SELL 17 at 60.46
INFO:root:2020-08-07 SELL SL at 66.37
INFO:root:EMR processing
INFO:root:2021-04-28 SELL 7 at 146.91
INFO:root:2021-05-03 TP at 134.73
INFO:root:2024-04-05 SELL 9 at 112.27
INFO:root:2024-04-09 SELL SL at 121.98
INFO:root:ENPH processing
INFO:root:ENPH Done!
INFO:root:2020-08-07 SELL 20 at 48.81
INFO:root:2020-08-10 SELL SL at 50.46
INFO:root:2020-11-30 SELL 21 at 46.88
INFO:root:2020-12-04 SELL SL at 53.0
INFO:root:2022-09-09 BUY 8 at 123.36
INFO:root:2022-09-21 BUY SL at 118.24
INFO:root:EOG processing
INFO:root:EOG Done!
INFO:root:2024-01-04 BUY 3 at 290.23
INFO:root:2024-01-12 TP at 309.38
INFO:root:2024-02-15 BUY 3 at 301.2
INFO:root:2024-02-16 TP at 313.21
INFO:root:EPAM processing
INFO:root:EPAM Done!
INFO:root:EQIX processing
INFO:root:EQIX Done!
INFO:root:2020-05-18 BUY 17 at 60.46
INFO:root:2020-05-19 BUY SL at 57.72
INFO:root:2020-06-11 SELL 16 at 61.66
INFO:root:2020-06-16 SELL SL at 64.69
INFO:root:2020-11-03 BUY 19 at 52.53
INFO:root:2020-11-09 TP at 67.42
INFO:root:EQR processing
INFO:root:EQR Done!
INFO:root:EQT processing
INFO:root:EQT Done!
INFO:root:ERIE processing
INFO:root:ERIE Done!
INFO:root:ES processing
INFO:root:ES Done!
INFO:root:2020-06-11 SELL 4 at 246.09
INFO:root:2020-06-18 TP at 238.12
INFO:root:ESS processing
INFO:root:ESS Done!
INFO:root:2024-11-06 BUY 3 at 359.18
INFO:root:2024-11-11 TP at 373.39
INFO:root:ETN processing
INFO:root:ETN Done!
INFO:root:ETR processing
INFO:root:ETR Done!
INFO:root:EVRG processing
INFO:root:EVRG Done!
INFO:root:2022-07-29 SELL 10 at 100.54
INFO:root:2022-08-03 SELL SL at 103.45
INFO:root:EW processing
INFO:root:EW Done!
INFO:root:EXC processing
INFO:root:EXC Done!
INFO:root:EXPD processing
INFO:root:EXPD Done!
INFO:root:2020-02-24 SELL 9 at 112.31
INFO:root:2020-02-26 TP at 100.61
INFO:root:2020-04-22 BUY 16 at 61.42
INFO:root:2020-04-27 TP at 69.68
INFO:root:2020-04-30 SELL 14 at 70.98
INFO:root:2020-05-04 TP at 62.6
INFO:root:2022-09-13 SELL 9 at 108.19
INFO:root:2022-09-16 TP at 100.73
INFO:root:2024-08-09 BUY 8 at 130.01
INFO:root:2024-08-23 TP at 138.9
INFO:root:EXPE processing
INFO:root:EXPE Done!
INFO:root:2023-04-03 SELL 6 at 154.51
INFO:root:2023-04-04 SELL SL at 160.17
INFO:root:EXR processing
INFO:root:EXR Done!
INFO:root:2020-06-11 SELL 163 at 6.13
INFO:root:2020-07-16 SELL SL at 6.86
INFO:root:2022-10-10 SELL 88 at 11.36
INFO:root:2022-10-18 SELL SL at 12.03
INFO:root:F processing
INFO:root:F Done!
INFO:root:2020-06-11 SELL 23 at 44.36
INFO:root:2020-07-09 TP at 37.37
INFO:root:2021-08-23 BUY 14 at 72.2
INFO:root:2021-08-27 TP at 77.07
INFO:root:2021-09-20 SELL 13 at 79.11
INFO:root:2021-09-22 SELL SL at 84.38
INFO:root:2021-12-21 BUY 10 at 104.9
INFO:root:2021-12-27 TP at 111.22
INFO:root:2022-09-16 SELL 8 at 132.62
INFO:root:2022-09-23 TP at 113.66
INFO:root:2023-03-21 BUY 8 at 130.62
INFO:root:2023-03-23 BUY SL at 126.63
INFO:root:FANG processing
INFO:root:FANG Done!
INFO:root:FAST processing
INFO:root:FAST Done!
INFO:root:2020-04-17 BUY 120 at 8.34
INFO:root:2020-04-21 BUY SL at 7.41
INFO:root:2021-07-09 BUY 27 at 36.5
INFO:root:2021-07-14 BUY SL at 34.52
INFO:root:2021-08-23 BUY 29 at 34.2
INFO:root:2021-08-27 TP at 36.83
INFO:root:2022-07-11 SELL 37 at 26.91
INFO:root:2022-07-19 SELL SL at 28.5
INFO:root:2023-03-20 BUY 27 at 37.45
INFO:root:2023-03-30 TP at 41.15
INFO:root:2023-05-26 BUY 29 at 34.77
INFO:root:2023-06-02 TP at 37.56
INFO:root:2023-09-06 SELL 25 at 40.41
INFO:root:2023-09-21 TP at 37.2
INFO:root:2024-02-20 SELL 26 at 38.14
INFO:root:2024-02-21 SELL SL at 38.86
INFO:root:2024-09-30 SELL 20 at 49.92
INFO:root:2024-10-02 SELL SL at 50.82
INFO:root:2024-11-08 SELL 22 at 46.36
INFO:root:2024-11-14 TP at 42.71
INFO:root:FCX processing
INFO:root:FCX Done!
INFO:root:FDS processing
INFO:root:FDS Done!
INFO:root:2020-06-11 SELL 8 at 128.81
INFO:root:2020-07-01 SELL SL at 156.66
INFO:root:2020-09-21 SELL 4 at 238.74
INFO:root:2020-09-22 SELL SL at 243.42
INFO:root:2022-06-14 BUY 4 at 229.95
INFO:root:2022-06-15 TP at 239.21
INFO:root:FDX processing
INFO:root:FDX Done!
INFO:root:2022-04-22 SELL 22 at 46.01
INFO:root:2022-04-27 TP at 44.45
INFO:root:FE processing
INFO:root:FE Done!
INFO:root:2020-05-01 SELL 7 at 135.3
INFO:root:2020-05-06 SELL SL at 141.8
INFO:root:FFIV processing
INFO:root:FFIV Done!
INFO:root:2020-04-21 SELL 11 at 91.76
INFO:root:2020-04-27 SELL SL at 99.18
INFO:root:FI processing
INFO:root:FI Done!
INFO:root:FICO processing
INFO:root:FICO Done!
INFO:root:2020-04-06 BUY 8 at 123.02
INFO:root:2020-04-07 TP at 130.83
INFO:root:FIS processing
INFO:root:FIS Done!
INFO:root:2020-11-04 SELL 43 at 23.1
INFO:root:2020-11-09 SELL SL at 26.56
INFO:root:2022-11-17 SELL 28 at 35.33
INFO:root:2022-11-18 SELL SL at 35.63
INFO:root:2023-05-05 BUY 40 at 24.92
INFO:root:2023-05-11 BUY SL at 23.66
INFO:root:FITB processing
INFO:root:FITB Done!
INFO:root:2021-02-10 SELL 9 at 107.9
INFO:root:2021-03-04 TP at 98.77
INFO:root:FMC processing
INFO:root:FMC Done!
INFO:root:FOX processing
INFO:root:FOX Done!
INFO:root:FOXA processing
INFO:root:FOXA Done!
INFO:root:FRT processing
INFO:root:FRT Done!
INFO:root:2022-03-02 SELL 14 at 69.51
INFO:root:2022-03-07 SELL SL at 75.0
INFO:root:2022-08-19 SELL 9 at 115.41
INFO:root:2022-08-24 SELL SL at 118.44
INFO:root:FSLR processing
INFO:root:FSLR Done!
INFO:root:2022-11-10 BUY 18 at 54.39
INFO:root:2022-12-06 BUY SL at 50.85
INFO:root:2024-02-14 BUY 14 at 70.88
INFO:root:2024-02-16 BUY SL at 68.48
INFO:root:FTNT processing
INFO:root:FTNT Done!
INFO:root:2020-04-17 BUY 20 at 50.51
INFO:root:2020-04-21 BUY SL at 46.73
INFO:root:2022-02-09 BUY 15 at 66.48
INFO:root:2022-02-11 BUY SL at 65.26
INFO:root:FTV processing
INFO:root:2020-04-21 SELL 8 at 131.69
INFO:root:2020-04-28 SELL SL at 136.49
INFO:root:GD processing
INFO:root:GD Done!
INFO:root:2022-11-10 BUY 14 at 71.76
INFO:root:2022-11-30 TP at 79.13
INFO:root:GDDY processing
INFO:root:GDDY Done!
INFO:root:2022-03-09 BUY 18 at 56.85
INFO:root:2022-04-05 BUY SL at 56.13
INFO:root:GE processing
INFO:root:GE Done!
INFO:root:GEHC processing
INFO:root:GEHC Done!
INFO:root:2020-02-07 BUY 51 at 19.73
INFO:root:2020-03-09 BUY SL at 17.19
INFO:root:GEN processing
INFO:root:GEN Done!
INFO:root:GEV processing
INFO:root:GEV Done!
INFO:root:GFS processing
INFO:root:GILD processing
INFO:root:GILD Done!
INFO:root:GIS processing
INFO:root:GIS Done!
INFO:root:2020-05-18 BUY 14 at 73.94
INFO:root:2020-05-19 BUY SL at 70.75
INFO:root:2022-06-15 BUY 11 at 93.26
INFO:root:2022-06-16 BUY SL at 90.44
INFO:root:GL processing
INFO:root:GL Done!
INFO:root:GLW processing
INFO:root:2020-04-07 BUY 47 at 21.3
INFO:root:2020-04-09 TP at 24.99
INFO:root:2021-08-04 SELL 19 at 52.72
INFO:root:2021-08-19 TP at 48.67
INFO:root:2022-02-09 BUY 20 at 50.72
INFO:root:2022-02-11 BUY SL at 48.83
INFO:root:GM processing
INFO:root:GM Done!
INFO:root:2021-02-02 BUY 4 at 266.99
INFO:root:2021-02-08 TP at 280.61
INFO:root:GNRC processing
INFO:root:GNRC Done!
INFO:root:2023-12-11 SELL 7 at 134.7
INFO:root:2023-12-18 SELL SL at 137.19
INFO:root:2024-01-31 SELL 7 at 141.8
INFO:root:2024-02-09 SELL SL at 150.22
INFO:root:GOOG processing
INFO:root:GOOG Done!
INFO:root:2021-12-14 SELL 7 at 143.91
INFO:root:2021-12-15 SELL SL at 146.44
INFO:root:2023-12-11 SELL 8 at 133.29
INFO:root:2023-12-18 SELL SL at 135.8
INFO:root:2024-01-31 SELL 7 at 140.1
INFO:root:2024-02-09 SELL SL at 149.0
INFO:root:GOOGL processing
INFO:root:GOOGL Done!
INFO:root:2020-05-18 BUY 13 at 77.31
INFO:root:2020-05-27 TP at 87.37
INFO:root:GPC processing
INFO:root:GPC Done!
INFO:root:2020-04-17 BUY 6 at 154.88
INFO:root:2020-04-21 BUY SL at 141.29
INFO:root:2020-05-05 BUY 6 at 166.95
INFO:root:2020-05-06 TP at 182.7
INFO:root:GPN processing
INFO:root:GPN Done!
INFO:root:GRMN processing
INFO:root:GRMN Done!
INFO:root:2020-04-06 BUY 6 at 158.23
INFO:root:2020-04-07 TP at 169.14
INFO:root:GS processing
INFO:root:GS Done!
INFO:root:GWW processing
INFO:root:GWW Done!
INFO:root:2020-06-11 SELL 81 at 12.28
INFO:root:2020-07-21 SELL SL at 14.32
INFO:root:2021-11-29 BUY 45 at 22.25
INFO:root:2021-11-30 BUY SL at 21.59
INFO:root:HAL processing
INFO:root:HAL Done!
INFO:root:2020-10-26 SELL 12 at 83.4
INFO:root:2020-11-17 SELL SL at 91.89
INFO:root:HAS processing
INFO:root:HAS Done!
INFO:root:2020-11-09 BUY 84 at 11.95
INFO:root:2021-01-06 TP at 14.2
INFO:root:HBAN processing
INFO:root:HBAN Done!
INFO:root:HCA processing
INFO:root:HCA Done!
INFO:root:2020-04-06 BUY 5 at 191.33
INFO:root:2020-04-07 TP at 204.11
INFO:root:2020-04-21 SELL 5 at 200.61
INFO:root:2020-04-24 SELL SL at 212.18
INFO:root:HD processing
INFO:root:HD Done!
INFO:root:2020-02-12 BUY 17 at 58.77
INFO:root:2020-02-14 TP at 62.04
INFO:root:2020-06-11 SELL 21 at 48.57
INFO:root:2020-08-05 SELL SL at 53.61
INFO:root:HES processing
INFO:root:HES Done!
INFO:root:2020-05-18 BUY 28 at 35.25
INFO:root:2020-05-26 TP at 39.54
INFO:root:2020-06-09 SELL 22 at 44.98
INFO:root:2020-06-15 TP at 37.85
INFO:root:HIG processing
INFO:root:HIG Done!
INFO:root:HII processing
INFO:root:HII Done!
INFO:root:2020-05-18 BUY 14 at 73.07
INFO:root:2020-05-26 TP at 85.58
INFO:root:2020-11-24 BUY 9 at 108.94
INFO:root:2020-11-27 BUY SL at 104.41
INFO:root:2021-11-29 BUY 7 at 138.07
INFO:root:2021-11-30 BUY SL at 135.07
INFO:root:HLT processing
INFO:root:HLT Done!
INFO:root:HOLX processing
INFO:root:HOLX Done!
INFO:root:2020-11-02 BUY 6 at 173.61
INFO:root:2020-11-03 TP at 180.39
INFO:root:HON processing
INFO:root:HON Done!
INFO:root:2020-06-11 SELL 103 at 9.75
INFO:root:2020-10-28 TP at 8.36
INFO:root:2022-06-02 SELL 67 at 14.96
INFO:root:2022-06-16 TP at 13.23
INFO:root:2024-06-05 BUY 51 at 19.48
INFO:root:2024-06-18 TP at 22.82
INFO:root:2024-09-17 BUY 55 at 18.2
INFO:root:2024-09-25 TP at 20.08
INFO:root:HPE processing
INFO:root:HPE Done!
INFO:root:2020-02-27 SELL 46 at 21.88
INFO:root:2020-02-28 TP at 20.17
INFO:root:2020-05-01 SELL 68 at 14.71
INFO:root:2020-05-08 SELL SL at 15.66
INFO:root:2020-06-03 BUY 59 at 16.86
INFO:root:2020-06-11 BUY SL at 15.66
INFO:root:2022-04-07 BUY 25 at 40.06
INFO:root:2022-04-22 BUY SL at 36.79
INFO:root:HPQ processing
INFO:root:HPQ Done!
INFO:root:HRL processing
INFO:root:HRL Done!
INFO:root:2023-02-16 SELL 12 at 82.82
INFO:root:2023-03-01 TP at 76.96
INFO:root:HSIC processing
INFO:root:HSIC Done!
INFO:root:HST processing
INFO:root:HST Done!
INFO:root:HSY processing
INFO:root:HSY Done!
INFO:root:2022-10-19 SELL 5 at 217.71
INFO:root:2022-10-20 TP at 210.45
INFO:root:2022-10-25 BUY 4 at 237.35
INFO:root:2022-11-08 TP at 245.01
INFO:root:HUBB processing
INFO:root:HUBB Done!
INFO:root:2024-10-08 BUY 4 at 243.2
INFO:root:2024-10-10 TP at 252.27
INFO:root:HUM processing
INFO:root:HUM Done!
INFO:root:2020-06-09 SELL 62 at 16.22
INFO:root:2020-06-10 TP at 14.73
INFO:root:2024-08-05 SELL 12 at 86.75
INFO:root:2024-08-08 SELL SL at 91.96
INFO:root:HWM processing
INFO:root:HWM Done!
INFO:root:2020-04-15 SELL 9 at 113.47
INFO:root:2020-04-21 TP at 107.13
INFO:root:2020-06-11 SELL 9 at 112.82
INFO:root:2020-10-08 SELL SL at 125.71
INFO:root:IBM processing
INFO:root:2023-08-04 BUY 9 at 114.0
INFO:root:2023-09-22 BUY SL at 110.17
INFO:root:ICE processing
INFO:root:ICE Done!
INFO:root:IDXX processing
INFO:root:IDXX Done!
INFO:root:2020-04-17 BUY 7 at 152.73
INFO:root:2020-04-28 TP at 162.12
INFO:root:IEX processing
INFO:root:IEX Done!
INFO:root:IFF processing
INFO:root:IFF Done!
INFO:root:INCY processing
INFO:root:INCY Done!
INFO:root:2022-09-13 SELL 34 at 29.29
INFO:root:2022-09-23 TP at 27.19
INFO:root:2024-04-03 SELL 25 at 40.33
INFO:root:2024-04-09 TP at 37.33
INFO:root:INTC processing
INFO:root:2024-11-21 BUY 1 at 678.7
INFO:root:2024-11-22 BUY SL at 640.12
INFO:root:INTU processing
INFO:root:INTU Done!
INFO:root:2023-11-02 BUY 32 at 30.78
INFO:root:2023-11-14 TP at 33.54
INFO:root:INVH processing
INFO:root:INVH Done!
INFO:root:2020-04-30 SELL 31 at 32.43
INFO:root:2020-05-13 TP at 28.75
INFO:root:IP processing
INFO:root:IP Done!
INFO:root:2020-05-01 SELL 61 at 16.43
INFO:root:2020-05-08 SELL SL at 17.32
INFO:root:2020-05-18 BUY 60 at 16.62
INFO:root:2020-05-27 TP at 18.68
INFO:root:2022-02-10 SELL 28 at 35.98
INFO:root:2022-05-24 TP at 27.67
INFO:root:2023-05-05 BUY 28 at 35.59
INFO:root:2023-05-17 TP at 37.19
INFO:root:IPG processing
INFO:root:IPG Done!
INFO:root:2020-04-21 SELL 8 at 122.0
INFO:root:2020-04-23 SELL SL at 127.67
INFO:root:2024-04-10 SELL 4 at 239.41
INFO:root:2024-04-15 TP at 230.14
INFO:root:IQV processing
INFO:root:IQV Done!
INFO:root:2020-05-18 BUY 35 at 28.7
INFO:root:2020-06-05 TP at 33.97
INFO:root:2020-06-11 SELL 33 at 30.75
INFO:root:2020-06-24 TP at 26.72
INFO:root:2023-03-21 BUY 18 at 55.9
INFO:root:2023-04-26 BUY SL at 53.41
INFO:root:2024-02-20 SELL 12 at 86.74
INFO:root:2024-02-22 SELL SL at 90.79
INFO:root:IR processing
INFO:root:IR Done!
INFO:root:IRM processing
INFO:root:IRM Done!
INFO:root:2022-12-15 SELL 4 at 267.3
INFO:root:2022-12-16 TP at 261.06
INFO:root:ISRG processing
INFO:root:ISRG Done!
INFO:root:2020-11-02 BUY 8 at 125.02
INFO:root:2020-11-03 TP at 143.44
INFO:root:IT processing
INFO:root:IT Done!
INFO:root:ITW processing
INFO:root:ITW Done!
INFO:root:2020-09-28 BUY 87 at 11.49
INFO:root:2020-10-07 TP at 12.69
INFO:root:2021-09-20 SELL 42 at 23.97
INFO:root:2021-11-01 SELL SL at 26.53
INFO:root:2021-12-21 BUY 44 at 22.74
INFO:root:2022-01-04 TP at 24.52
INFO:root:2024-01-22 BUY 58 at 17.39
INFO:root:2024-01-23 BUY SL at 15.95
INFO:root:IVZ processing
INFO:root:IVZ Done!
INFO:root:2020-03-24 BUY 17 at 58.05
INFO:root:2020-03-31 TP at 68.77
INFO:root:2020-06-16 BUY 14 at 71.11
INFO:root:2020-06-24 BUY SL at 69.24
INFO:root:J processing
INFO:root:J Done!
INFO:root:2020-06-11 SELL 9 at 112.74
INFO:root:2020-06-17 SELL SL at 119.82
INFO:root:2025-01-17 SELL 6 at 172.45
INFO:root:JBHT processing
INFO:root:2025-01-17 SELL at 172.45
INFO:root:JBHT Done!
INFO:root:2020-06-09 SELL 30 at 33.74
INFO:root:2020-06-11 TP at 29.77
INFO:root:2020-06-16 BUY 30 at 33.09
INFO:root:2020-06-24 BUY SL at 31.47
INFO:root:2024-06-20 SELL 9 at 111.79
INFO:root:2024-08-02 TP at 96.77
INFO:root:JBL processing
INFO:root:JBL Done!
INFO:root:JCI processing
INFO:root:JCI Done!
INFO:root:JKHY processing
INFO:root:JKHY Done!
INFO:root:2021-01-29 SELL 6 at 163.13
INFO:root:2021-03-04 TP at 151.47
INFO:root:JNJ processing
INFO:root:JNJ Done!
INFO:root:2021-07-29 BUY 36 at 27.41
INFO:root:2021-08-03 TP at 29.1
INFO:root:JNPR processing
INFO:root:JNPR Done!
INFO:root:2020-11-04 SELL 10 at 100.25
INFO:root:2020-11-05 SELL SL at 104.35
INFO:root:JPM processing
INFO:root:JPM Done!
INFO:root:2023-06-28 SELL 16 at 61.55
INFO:root:2023-06-29 SELL SL at 62.74
INFO:root:K processing
INFO:root:K Done!
INFO:root:2022-10-28 BUY 25 at 39.55
INFO:root:2022-11-01 BUY SL at 37.84
INFO:root:KDP processing
INFO:root:2020-06-11 SELL 79 at 12.7
INFO:root:2020-07-09 TP at 10.95
INFO:root:2020-11-04 SELL 80 at 12.54
INFO:root:2020-11-09 SELL SL at 15.2
INFO:root:2021-12-21 BUY 44 at 22.69
INFO:root:2022-01-04 TP at 24.87
INFO:root:2023-05-05 BUY 102 at 9.83
INFO:root:2023-05-11 BUY SL at 9.09
INFO:root:KEY processing
INFO:root:KEY Done!
INFO:root:2020-05-27 SELL 10 at 101.74
INFO:root:2020-05-28 SELL SL at 103.64
INFO:root:2022-08-22 SELL 6 at 170.6
INFO:root:2022-09-01 TP at 161.06
INFO:root:KEYS processing
INFO:root:KEYS Done!
INFO:root:KHC processing
INFO:root:2020-04-07 BUY 109 at 9.15
INFO:root:2020-04-16 BUY SL at 8.48
INFO:root:2020-05-18 BUY 96 at 10.41
INFO:root:2020-05-26 TP at 12.42
INFO:root:2020-11-03 BUY 91 at 11.02
INFO:root:2020-11-06 BUY SL at 10.26
INFO:root:KIM processing
INFO:root:KIM Done!
INFO:root:2020-04-06 BUY 41 at 24.36
INFO:root:2020-04-21 BUY SL at 21.84
INFO:root:2022-11-17 SELL 19 at 51.94
INFO:root:2022-12-16 TP at 45.79
INFO:root:KKR processing
INFO:root:KKR Done!
INFO:root:2023-05-25 BUY 2 at 434.25
INFO:root:2023-05-26 TP at 465.0
INFO:root:KLAC processing
INFO:root:KLAC Done!
INFO:root:KMB processing
INFO:root:KMB Done!
INFO:root:2020-06-11 SELL 64 at 15.51
INFO:root:2020-07-09 TP at 13.9
INFO:root:KMI processing
INFO:root:KMI Done!
INFO:root:2020-05-05 BUY 14 at 72.97
INFO:root:2020-05-18 TP at 83.76
INFO:root:2020-09-24 SELL 11 at 94.28
INFO:root:2020-10-28 TP at 84.7
INFO:root:KMX skipped
INFO:root:2021-12-06 BUY 18 at 54.91
INFO:root:2021-12-13 TP at 57.93
INFO:root:KO processing
INFO:root:KO Done!
INFO:root:KR processing
INFO:root:KR Done!
INFO:root:KVUE processing
INFO:root:KVUE Done!
INFO:root:2022-02-25 BUY 16 at 61.83
INFO:root:2022-03-22 TP at 64.9
INFO:root:L processing
INFO:root:L Done!
INFO:root:2020-04-06 BUY 11 at 94.89
INFO:root:2020-04-24 TP at 102.34
INFO:root:LDOS processing
INFO:root:LDOS Done!
INFO:root:2020-04-17 BUY 23 at 42.93
INFO:root:2020-04-20 BUY SL at 39.98
INFO:root:2022-02-09 BUY 10 at 96.34
INFO:root:2022-02-10 BUY SL at 91.98
INFO:root:LEN processing
INFO:root:LEN Done!
INFO:root:LH processing
INFO:root:LH Done!
INFO:root:2020-06-11 SELL 5 at 196.51
INFO:root:2020-06-12 TP at 190.01
INFO:root:LHX processing
INFO:root:LHX Done!
INFO:root:2023-09-22 BUY 3 at 374.5
INFO:root:2023-09-26 BUY SL at 365.38
INFO:root:LII processing
INFO:root:LII Done!
INFO:root:2020-04-06 BUY 6 at 175.92
INFO:root:2020-04-07 TP at 185.45
INFO:root:2020-04-17 BUY 5 at 188.55
INFO:root:2020-04-21 BUY SL at 178.88
INFO:root:2020-06-24 SELL 5 at 206.07
INFO:root:2020-07-01 SELL SL at 214.77
INFO:root:2020-11-02 BUY 4 at 228.58
INFO:root:2020-11-03 TP at 235.37
INFO:root:2022-02-10 BUY 3 at 308.85
INFO:root:2022-02-11 BUY SL at 294.73
INFO:root:2022-02-22 SELL 3 at 293.59
INFO:root:2022-02-24 TP at 276.75
INFO:root:2022-02-25 BUY 3 at 297.49
INFO:root:2022-03-01 BUY SL at 282.56
INFO:root:2022-12-15 SELL 3 at 330.8
INFO:root:2022-12-22 TP at 323.05
INFO:root:2023-12-13 SELL 2 at 408.74
INFO:root:2024-02-15 SELL SL at 428.69
INFO:root:LIN processing
INFO:root:2020-04-07 BUY 48 at 20.94
INFO:root:2020-04-16 BUY SL at 19.84
INFO:root:2020-05-18 BUY 39 at 25.78
INFO:root:2020-05-27 TP at 28.54
INFO:root:LKQ processing
INFO:root:LKQ Done!
INFO:root:2024-05-03 SELL 1 at 734.97
INFO:root:2024-05-06 SELL SL at 766.68
INFO:root:LLY processing
INFO:root:LLY Done!
INFO:root:LMT processing
INFO:root:LMT Done!
INFO:root:LNT processing
INFO:root:LNT Done!
INFO:root:2020-04-15 SELL 11 at 94.34
INFO:root:2020-04-17 SELL SL at 97.1
INFO:root:LOW processing
INFO:root:LOW Done!
INFO:root:2024-01-26 SELL 12 at 83.9
INFO:root:2024-02-09 SELL SL at 91.16
INFO:root:LRCX processing
INFO:root:LRCX Done!
INFO:root:LULU processing
INFO:root:LULU Done!
INFO:root:LUV processing
INFO:root:LUV Done!
INFO:root:2020-04-07 BUY 23 at 42.7
INFO:root:2020-04-09 TP at 49.89
INFO:root:2020-05-26 BUY 20 at 49.93
INFO:root:2020-05-29 BUY SL at 47.94
INFO:root:2024-11-08 SELL 20 at 50.38
INFO:root:2024-11-15 TP at 47.72
INFO:root:LVS processing
INFO:root:LVS Done!
INFO:root:2020-04-15 SELL 18 at 55.91
INFO:root:2020-04-17 SELL SL at 59.92
INFO:root:LW processing
INFO:root:LW Done!
INFO:root:2022-06-03 SELL 9 at 107.4
INFO:root:2022-06-13 TP at 96.96
INFO:root:2022-09-13 SELL 12 at 81.06
INFO:root:2022-09-16 TP at 75.9
INFO:root:2022-11-04 BUY 12 at 83.66
INFO:root:2022-11-09 BUY SL at 80.1
INFO:root:2023-03-20 BUY 11 at 87.14
INFO:root:2023-04-03 TP at 96.53
INFO:root:LYB processing
INFO:root:LYB Done!
INFO:root:2020-10-12 SELL 18 at 55.84
INFO:root:2020-10-15 TP at 52.5
INFO:root:LYV processing
INFO:root:LYV Done!
INFO:root:2020-04-01 SELL 4 at 228.61
INFO:root:2020-04-06 SELL SL at 265.94
INFO:root:2021-07-23 BUY 3 at 393.26
INFO:root:2021-08-02 BUY SL at 375.26
INFO:root:MA processing
INFO:root:MA Done!
INFO:root:MAA processing
INFO:root:MAA Done!
INFO:root:2020-04-07 BUY 14 at 73.82
INFO:root:2020-04-09 TP at 89.03
INFO:root:2020-05-01 SELL 12 at 84.75
INFO:root:2020-05-13 TP at 74.57
INFO:root:2021-11-29 BUY 7 at 150.77
INFO:root:2021-11-30 BUY SL at 147.56
INFO:root:2022-10-07 SELL 7 at 141.5
INFO:root:2022-10-14 SELL SL at 143.53
INFO:root:MAR processing
INFO:root:MAR Done!
INFO:root:2023-10-26 BUY 19 at 51.53
INFO:root:2023-11-03 TP at 55.99
INFO:root:MAS processing
INFO:root:2020-04-06 BUY 6 at 177.04
INFO:root:2020-04-07 TP at 185.19
INFO:root:2020-04-22 BUY 5 at 186.48
INFO:root:2020-05-05 BUY SL at 179.24
INFO:root:2020-06-11 SELL 5 at 187.51
INFO:root:2020-06-25 TP at 180.33
INFO:root:MCD processing
INFO:root:MCD Done!
INFO:root:2020-04-15 SELL 25 at 39.28
INFO:root:2020-04-24 SELL SL at 41.01
INFO:root:2020-05-01 SELL 25 at 40.76
INFO:root:2020-05-08 SELL SL at 44.85
INFO:root:2022-09-13 SELL 16 at 63.16
INFO:root:2022-09-19 SELL SL at 66.89
INFO:root:2023-11-02 BUY 14 at 73.6
INFO:root:2023-11-03 TP at 77.0
INFO:root:MCHP processing
INFO:root:MCHP Done!
INFO:root:2020-06-16 BUY 6 at 156.32
INFO:root:2020-06-24 BUY SL at 150.56
INFO:root:MCK processing
INFO:root:MCK Done!
INFO:root:2022-12-15 SELL 3 at 286.86
INFO:root:2022-12-16 TP at 279.15
INFO:root:MCO processing
INFO:root:MCO Done!
INFO:root:2022-08-25 BUY 3 at 363.74
INFO:root:2022-08-29 BUY SL at 332.07
INFO:root:2023-04-26 BUY 4 at 238.22
INFO:root:2023-05-02 BUY SL at 217.99
INFO:root:2024-12-10 SELL 3 at 290.9
INFO:root:2024-12-12 TP at 284.29
INFO:root:MDB processing
INFO:root:MDB Done!
INFO:root:MDLZ processing
INFO:root:MDLZ Done!
INFO:root:2021-10-18 SELL 8 at 120.72
INFO:root:2021-11-23 TP at 111.11
INFO:root:MDT processing
INFO:root:MDT Done!
INFO:root:2022-02-03 SELL 1 at 999.74
INFO:root:2022-02-09 SELL SL at 1133.2
INFO:root:2023-08-03 BUY 1 at 1323.11
INFO:root:2023-08-07 TP at 1370.0
INFO:root:2024-11-29 SELL 1 at 1985.17
INFO:root:2024-12-02 TP at 1931.79
INFO:root:MELI processing
INFO:root:MELI Done!
INFO:root:2020-04-06 BUY 33 at 30.63
INFO:root:2020-04-09 TP at 36.36
INFO:root:2020-05-18 BUY 30 at 33.42
INFO:root:2020-05-27 TP at 38.45
INFO:root:2023-03-21 BUY 17 at 58.53
INFO:root:2023-03-22 BUY SL at 56.11
INFO:root:2024-11-06 BUY 12 at 83.25
INFO:root:2024-11-27 TP at 89.05
INFO:root:MET processing
INFO:root:MET Done!
INFO:root:2020-04-22 BUY 5 at 182.28
INFO:root:2020-04-24 TP at 190.41
INFO:root:2020-11-10 SELL 4 at 272.43
INFO:root:2020-11-16 SELL SL at 278.96
INFO:root:2022-09-13 SELL 7 at 153.13
INFO:root:2022-09-16 TP at 144.29
INFO:root:META processing
INFO:root:META Done!
INFO:root:2020-11-12 SELL 42 at 23.69
INFO:root:2020-11-13 SELL SL at 25.9
INFO:root:2022-11-10 BUY 28 at 35.31
INFO:root:2022-12-19 BUY SL at 34.22
INFO:root:MGM processing
INFO:root:MGM Done!
INFO:root:2020-04-07 BUY 12 at 81.18
INFO:root:2020-04-09 TP at 90.94
INFO:root:2022-03-30 SELL 8 at 130.93
INFO:root:2022-03-31 TP at 124.19
INFO:root:MHK processing
INFO:root:MHK Done!
INFO:root:2024-06-27 BUY 14 at 70.6
INFO:root:2024-07-17 TP at 75.29
INFO:root:MKC skipped
INFO:root:MKTX processing
INFO:root:MKTX Done!
INFO:root:2020-06-16 BUY 5 at 214.13
INFO:root:2020-07-21 TP at 227.18
INFO:root:MLM processing
INFO:root:MMC processing
INFO:root:MMC Done!
INFO:root:2020-02-13 SELL 7 at 133.58
INFO:root:2020-02-24 TP at 127.27
INFO:root:2020-06-11 SELL 8 at 127.41
INFO:root:2020-08-12 SELL SL at 137.34
INFO:root:MMM processing
INFO:root:MMM Done!
INFO:root:MNST processing
INFO:root:MNST Done!
INFO:root:2020-06-11 SELL 25 at 39.29
INFO:root:2020-06-18 SELL SL at 41.47
INFO:root:2024-08-01 BUY 20 at 50.02
INFO:root:2024-08-26 TP at 53.08
INFO:root:MO processing
INFO:root:MO Done!
INFO:root:2024-10-24 BUY 3 at 323.59
INFO:root:2024-11-15 BUY SL at 294.34
INFO:root:MOH processing
INFO:root:MOH Done!
INFO:root:MOS processing
INFO:root:MOS Done!
INFO:root:2020-02-18 SELL 18 at 56.47
INFO:root:2020-02-19 SELL SL at 57.69
INFO:root:2020-02-24 SELL 18 at 55.87
INFO:root:2020-02-26 TP at 52.09
INFO:root:2020-06-11 SELL 28 at 35.33
INFO:root:2020-07-29 SELL SL at 39.91
INFO:root:2020-10-01 SELL 36 at 27.71
INFO:root:2020-10-05 SELL SL at 29.24
INFO:root:2021-07-21 BUY 18 at 54.08
INFO:root:2021-08-05 TP at 57.33
INFO:root:2022-07-15 BUY 12 at 84.42
INFO:root:2022-07-19 TP at 88.28
INFO:root:2024-08-06 BUY 6 at 170.89
INFO:root:2024-08-14 TP at 179.62
INFO:root:MPC processing
INFO:root:MPC Done!
INFO:root:2021-03-12 SELL 3 at 331.0
INFO:root:2021-03-15 SELL SL at 341.64
INFO:root:2022-09-09 BUY 2 at 447.2
INFO:root:2022-09-13 BUY SL at 422.33
INFO:root:2023-05-25 BUY 2 at 488.32
INFO:root:2023-05-26 TP at 532.0
INFO:root:MPWR processing
INFO:root:MPWR Done!
INFO:root:MRK processing
INFO:root:MRK Done!
INFO:root:2022-12-13 BUY 5 at 197.54
INFO:root:2022-12-14 TP at 217.25
INFO:root:MRNA processing
INFO:root:MRNA Done!
INFO:root:2020-02-11 BUY 39 at 25.5
INFO:root:2020-02-21 BUY SL at 24.43
INFO:root:2024-03-21 BUY 15 at 66.59
INFO:root:2024-03-27 TP at 72.77
INFO:root:MRVL processing
INFO:root:MRVL Done!
INFO:root:MS processing
INFO:root:MS Done!
INFO:root:2021-12-14 SELL 2 at 591.07
INFO:root:2021-12-17 TP at 581.45
INFO:root:2022-10-07 SELL 2 at 419.84
INFO:root:2022-10-10 TP at 403.35
INFO:root:MSCI processing
INFO:root:MSCI Done!
INFO:root:2020-11-04 BUY 5 at 216.39
INFO:root:2020-11-05 TP at 224.12
INFO:root:2022-10-07 SELL 4 at 234.24
INFO:root:2022-10-10 TP at 226.73
INFO:root:2024-04-26 BUY 2 at 406.32
INFO:root:2024-04-30 BUY SL at 389.33
INFO:root:MSFT processing
INFO:root:MSFT Done!
INFO:root:2020-04-21 SELL 7 at 144.68
INFO:root:2020-05-01 TP at 138.46
INFO:root:MSI processing
INFO:root:MSI Done!
INFO:root:2021-12-07 BUY 16 at 62.82
INFO:root:2021-12-09 BUY SL at 59.19
INFO:root:2022-03-10 SELL 24 at 42.11
INFO:root:2022-03-18 SELL SL at 45.43
INFO:root:2024-06-13 SELL 7 at 148.39
INFO:root:2024-06-24 TP at 132.55
INFO:root:MSTR processing
INFO:root:2020-11-09 BUY 8 at 123.92
INFO:root:2021-01-06 TP at 140.71
INFO:root:2021-12-21 BUY 7 at 149.05
INFO:root:2022-01-03 TP at 158.64
INFO:root:2022-07-15 BUY 6 at 156.21
INFO:root:2022-07-19 TP at 165.53
INFO:root:2024-04-15 BUY 7 at 140.94
INFO:root:2024-04-16 BUY SL at 137.39
INFO:root:MTB processing
INFO:root:MTB Done!
INFO:root:2024-08-05 SELL 28 at 35.66
INFO:root:2024-08-19 SELL SL at 36.58
INFO:root:MTCH processing
INFO:root:MTCH Done!
INFO:root:MTD processing
INFO:root:MTD Done!
INFO:root:2024-03-11 SELL 11 at 94.51
INFO:root:2024-03-12 SELL SL at 97.42
INFO:root:2024-11-12 SELL 10 at 104.1
INFO:root:2024-11-15 TP at 95.64
INFO:root:MU processing
INFO:root:MU Done!
INFO:root:2020-04-13 SELL 88 at 11.36
INFO:root:2020-04-14 SELL SL at 12.35
INFO:root:2020-09-25 BUY 60 at 16.63
INFO:root:2020-09-30 TP at 18.23
INFO:root:2023-08-01 SELL 52 at 19.41
INFO:root:2023-09-01 TP at 16.26
INFO:root:NCLH processing
INFO:root:NDAQ processing
INFO:root:2020-04-06 BUY 7 at 139.69
INFO:root:2020-04-07 TP at 148.72
INFO:root:NDSN processing
INFO:root:NDSN Done!
INFO:root:2020-09-16 SELL 14 at 70.09
INFO:root:2020-09-30 TP at 66.79
INFO:root:NEE processing
INFO:root:NEE Done!
INFO:root:2020-03-02 BUY 21 at 46.83
INFO:root:2020-03-12 BUY SL at 44.44
INFO:root:2020-08-17 BUY 15 at 68.35
INFO:root:2020-08-25 BUY SL at 64.86
INFO:root:NEM processing
INFO:root:NEM Done!
INFO:root:NFLX processing
INFO:root:NFLX Done!
INFO:root:NI processing
INFO:root:NI Done!
INFO:root:2020-04-21 SELL 12 at 85.2
INFO:root:2020-04-22 SELL SL at 88.77
INFO:root:2021-12-21 BUY 6 at 166.63
INFO:root:2022-01-07 BUY SL at 156.97
INFO:root:2022-10-04 BUY 11 at 88.64
INFO:root:2022-11-11 TP at 107.21
INFO:root:2022-12-21 BUY 9 at 115.78
INFO:root:2023-01-06 TP at 125.36
INFO:root:NKE processing
INFO:root:NKE Done!
INFO:root:NOC processing
INFO:root:NOC Done!
INFO:root:2020-10-29 BUY 2 at 510.59
INFO:root:2020-11-02 BUY SL at 476.0
INFO:root:2024-02-22 BUY 1 at 769.21
INFO:root:2024-03-05 BUY SL at 740.15
INFO:root:NOW processing
INFO:root:NOW Done!
INFO:root:2021-03-01 BUY 25 at 40.36
INFO:root:2021-03-17 BUY SL at 36.18
INFO:root:NRG processing
INFO:root:NRG Done!
INFO:root:2024-10-22 BUY 4 at 260.43
INFO:root:2024-10-25 BUY SL at 251.09
INFO:root:NSC processing
INFO:root:NSC Done!
INFO:root:2023-06-01 BUY 14 at 71.96
INFO:root:2023-06-29 TP at 76.25
INFO:root:NTAP processing
INFO:root:NTAP Done!
INFO:root:2020-05-18 BUY 13 at 75.94
INFO:root:2020-05-27 TP at 84.36
INFO:root:2021-12-21 BUY 8 at 117.79
INFO:root:2022-01-04 TP at 126.39
INFO:root:NTRS processing
INFO:root:NTRS Done!
INFO:root:2020-04-17 BUY 27 at 37.33
INFO:root:2020-04-21 BUY SL at 36.05
INFO:root:2020-05-18 BUY 24 at 40.86
INFO:root:2020-06-03 TP at 44.51
INFO:root:2020-06-09 SELL 23 at 44.25
INFO:root:2020-06-11 TP at 39.53
INFO:root:2020-06-16 BUY 22 at 44.59
INFO:root:2020-06-19 BUY SL at 42.7
INFO:root:NUE processing
INFO:root:NUE Done!
INFO:root:2020-02-24 SELL 146 at 6.83
INFO:root:2020-02-28 TP at 6.04
INFO:root:2020-05-01 SELL 141 at 7.07
INFO:root:2020-05-04 SELL SL at 7.28
INFO:root:2022-09-13 SELL 76 at 13.13
INFO:root:2022-09-23 TP at 12.26
INFO:root:2023-02-23 BUY 42 at 23.66
INFO:root:2023-03-17 TP at 26.4
INFO:root:2024-02-22 BUY 13 at 78.54
INFO:root:2024-03-04 TP at 87.69
INFO:root:NVDA processing
INFO:root:NVDA Done!
INFO:root:NVR processing
INFO:root:NVR Done!
INFO:root:2021-09-21 BUY 46 at 21.71
INFO:root:2021-09-22 TP at 22.72
INFO:root:2022-09-13 SELL 58 at 17.11
INFO:root:2022-09-21 TP at 16.32
INFO:root:NWS processing
INFO:root:NWS Done!
INFO:root:NWSA processing
INFO:root:NWSA Done!
INFO:root:2023-05-26 BUY 6 at 181.18
INFO:root:2023-06-07 TP at 189.92
INFO:root:2024-11-06 BUY 4 at 231.38
INFO:root:2024-11-12 BUY SL at 224.79
INFO:root:NXPI processing
INFO:root:NXPI Done!
INFO:root:2020-06-11 SELL 18 at 56.09
INFO:root:2020-06-15 SELL SL at 60.63
INFO:root:2023-11-02 BUY 20 at 50.03
INFO:root:2023-11-15 TP at 52.82
INFO:root:O processing
INFO:root:O Done!
INFO:root:ODFL processing
INFO:root:ODFL Done!
INFO:root:2020-06-11 SELL 28 at 35.33
INFO:root:2020-07-06 TP at 27.88
INFO:root:2021-07-21 BUY 19 at 53.46
INFO:root:2021-07-30 BUY SL at 51.97
INFO:root:2022-08-30 SELL 16 at 63.03
INFO:root:2022-09-01 TP at 58.93
INFO:root:OKE processing
INFO:root:OKE Done!
INFO:root:2020-05-18 BUY 19 at 53.17
INFO:root:2020-05-27 TP at 58.05
INFO:root:2020-07-28 SELL 18 at 54.66
INFO:root:2020-08-11 SELL SL at 55.74
INFO:root:OMC processing
INFO:root:OMC Done!
INFO:root:2020-06-24 SELL 52 at 19.29
INFO:root:2020-07-09 SELL SL at 20.76
INFO:root:2024-04-24 BUY 15 at 65.53
INFO:root:2024-04-30 TP at 72.75
INFO:root:ON processing
INFO:root:ON Done!
INFO:root:2022-06-14 BUY 14 at 70.72
INFO:root:2022-07-28 TP at 77.28
INFO:root:2023-07-03 SELL 9 at 117.15
INFO:root:2023-07-14 SELL SL at 119.27
INFO:root:2024-12-10 SELL 6 at 177.74
INFO:root:2024-12-18 TP at 165.36
INFO:root:ORCL processing
INFO:root:ORCL Done!
INFO:root:ORLY processing
INFO:root:OTIS processing
INFO:root:2021-09-22 BUY 37 at 26.75
INFO:root:2021-09-27 TP at 30.35
INFO:root:2021-12-21 BUY 35 at 28.6
INFO:root:2021-12-28 TP at 30.38
INFO:root:2022-07-11 SELL 17 at 59.52
INFO:root:2022-07-19 SELL SL at 62.82
INFO:root:OXY processing
INFO:root:OXY Done!
INFO:root:2022-11-10 BUY 12 at 81.73
INFO:root:2022-12-15 BUY SL at 76.29
INFO:root:2023-02-22 BUY 11 at 93.88
INFO:root:2023-03-31 TP at 100.15
INFO:root:2024-02-26 BUY 7 at 151.39
INFO:root:2024-03-06 BUY SL at 139.43
INFO:root:PANW processing
INFO:root:PANW Done!
INFO:root:2022-09-13 SELL 44 at 22.53
INFO:root:2022-09-14 TP at 21.32
INFO:root:2023-11-08 SELL 85 at 11.82
INFO:root:2023-11-14 SELL SL at 12.52
INFO:root:PARA processing
INFO:root:PARA Done!
INFO:root:2020-11-04 BUY 3 at 397.43
INFO:root:2020-11-05 BUY SL at 373.26
INFO:root:PAYC processing
INFO:root:PAYC Done!
INFO:root:PAYX processing
INFO:root:PAYX Done!
INFO:root:2020-06-11 SELL 21 at 48.39
INFO:root:2020-07-06 SELL SL at 51.44
INFO:root:2024-10-22 SELL 10 at 104.79
INFO:root:2024-11-06 SELL SL at 116.01
INFO:root:PCAR processing
INFO:root:PCAR Done!
INFO:root:PCG processing
INFO:root:PCG Done!
INFO:root:2020-02-04 BUY 27 at 36.51
INFO:root:2020-02-05 BUY SL at 35.72
INFO:root:2020-11-17 SELL 8 at 132.37
INFO:root:2020-11-20 SELL SL at 143.55
INFO:root:2021-12-07 BUY 16 at 63.03
INFO:root:2021-12-20 BUY SL at 54.78
INFO:root:2022-03-16 BUY 23 at 42.62
INFO:root:2022-03-22 TP at 49.43
INFO:root:2022-11-16 SELL 15 at 67.56
INFO:root:2022-11-17 SELL SL at 70.55
INFO:root:2023-05-31 SELL 15 at 65.32
INFO:root:2023-06-01 SELL SL at 69.09
INFO:root:2023-09-22 BUY 10 at 95.93
INFO:root:2023-10-06 TP at 107.59
INFO:root:2024-10-08 SELL 7 at 144.86
INFO:root:2024-10-15 TP at 127.43
INFO:root:2024-11-08 SELL 8 at 117.81
INFO:root:2024-11-14 TP at 110.01
INFO:root:PDD processing
INFO:root:PDD Done!
INFO:root:PEG processing
INFO:root:PEG Done!
INFO:root:PEP processing
INFO:root:PFE processing
INFO:root:PFE Done!
INFO:root:2020-04-15 SELL 34 at 29.63
INFO:root:2020-04-27 SELL SL at 31.69
INFO:root:2023-05-05 BUY 14 at 71.51
INFO:root:2023-05-11 BUY SL at 68.72
INFO:root:PFG processing
INFO:root:PG processing
INFO:root:PG Done!
INFO:root:PGR processing
INFO:root:PGR Done!
INFO:root:2024-02-14 BUY 2 at 521.91
INFO:root:2024-02-22 TP at 535.55
INFO:root:PH processing
INFO:root:PH Done!
INFO:root:2020-04-07 BUY 43 at 23.03
INFO:root:2020-04-09 TP at 27.89
INFO:root:2020-05-01 SELL 37 at 27.24
INFO:root:2020-05-07 SELL SL at 28.18
INFO:root:2024-10-22 SELL 7 at 133.81
INFO:root:2024-10-29 TP at 122.08
INFO:root:PHM processing
INFO:root:PHM Done!
INFO:root:2024-04-29 BUY 6 at 177.05
INFO:root:2024-04-30 BUY SL at 172.98
INFO:root:PKG processing
INFO:root:PKG Done!
INFO:root:PLD processing
INFO:root:PLD Done!
INFO:root:2021-02-19 BUY 34 at 29.0
INFO:root:2021-02-25 BUY SL at 23.96
INFO:root:2023-02-14 BUY 108 at 9.22
INFO:root:2023-02-15 TP at 10.23
INFO:root:2024-05-07 SELL 47 at 21.4
INFO:root:2024-06-17 SELL SL at 25.02
INFO:root:2024-08-06 BUY 38 at 26.59
INFO:root:2024-08-12 TP at 31.2
INFO:root:2024-11-05 BUY 20 at 51.13
INFO:root:2024-11-08 TP at 58.48
INFO:root:PLTR processing
INFO:root:PLTR Done!
INFO:root:PM processing
INFO:root:PM Done!
INFO:root:2022-02-25 BUY 5 at 202.67
INFO:root:2022-03-01 BUY SL at 187.19
INFO:root:PNC processing
INFO:root:PNC Done!
INFO:root:2020-06-09 SELL 25 at 40.37
INFO:root:2020-06-11 TP at 36.77
INFO:root:PNR processing
INFO:root:PNR Done!
INFO:root:PNW processing
INFO:root:PNW Done!
INFO:root:PODD processing
INFO:root:PODD Done!
INFO:root:POOL processing
INFO:root:2020-04-06 BUY 12 at 86.63
INFO:root:2020-04-07 TP at 93.28
INFO:root:PPG processing
INFO:root:2020-04-07 BUY 41 at 24.59
INFO:root:2020-06-01 TP at 28.68
INFO:root:PPL processing
INFO:root:PPL Done!
INFO:root:2020-04-07 BUY 19 at 52.06
INFO:root:2020-04-09 TP at 60.63
INFO:root:2020-05-18 BUY 18 at 57.12
INFO:root:2020-05-27 TP at 64.96
INFO:root:2020-06-11 SELL 17 at 60.35
INFO:root:2020-08-07 SELL SL at 67.96
INFO:root:PRU processing
INFO:root:PRU Done!
INFO:root:2024-04-10 SELL 4 at 275.85
INFO:root:2024-04-15 TP at 264.26
INFO:root:PSA processing
INFO:root:PSA Done!
INFO:root:PSX processing
INFO:root:PSX Done!
INFO:root:2022-11-17 SELL 8 at 123.87
INFO:root:2023-01-12 SELL SL at 131.09
INFO:root:PTC processing
INFO:root:PTC Done!
INFO:root:PWR processing
INFO:root:PWR Done!
INFO:root:2020-11-09 SELL 5 at 184.72
INFO:root:2020-11-10 TP at 178.6
INFO:root:2022-10-10 SELL 12 at 84.52
INFO:root:2022-11-03 TP at 75.29
INFO:root:2023-02-06 SELL 12 at 82.33
INFO:root:2023-02-17 TP at 73.59
INFO:root:PYPL processing
INFO:root:PYPL Done!
INFO:root:QCOM processing
INFO:root:QCOM Done!
INFO:root:2024-11-06 BUY 2 at 505.58
INFO:root:2024-11-07 TP at 514.33
INFO:root:QQQ processing
INFO:root:QQQ Done!
INFO:root:2020-06-11 SELL 18 at 54.51
INFO:root:2020-06-12 SELL SL at 61.18
INFO:root:2020-07-15 BUY 17 at 58.36
INFO:root:2020-07-31 BUY SL at 48.71
INFO:root:2024-08-06 BUY 7 at 150.26
INFO:root:2024-08-23 TP at 163.47
INFO:root:RCL processing
INFO:root:RCL Done!
INFO:root:2020-05-18 BUY 24 at 41.32
INFO:root:2020-05-27 TP at 46.86
INFO:root:REG processing
INFO:root:REG Done!
INFO:root:REGN processing
INFO:root:REGN Done!
INFO:root:2022-02-25 BUY 41 at 24.29
INFO:root:2022-03-01 BUY SL at 22.11
INFO:root:RF processing
INFO:root:RF Done!
INFO:root:2023-03-27 BUY 11 at 92.62
INFO:root:2023-04-05 BUY SL at 89.78
INFO:root:2023-05-05 BUY 12 at 86.2
INFO:root:2023-05-19 TP at 90.63
INFO:root:RJF processing
INFO:root:RJF Done!
INFO:root:RL processing
INFO:root:RL Done!
INFO:root:2022-11-10 BUY 4 at 225.18
INFO:root:2022-12-01 TP at 232.81
INFO:root:RMD processing
INFO:root:RMD Done!
INFO:root:2020-05-01 SELL 5 at 183.19
INFO:root:2020-05-05 SELL SL at 190.99
INFO:root:2022-12-15 SELL 4 at 257.15
INFO:root:2022-12-16 TP at 249.68
INFO:root:ROK processing
INFO:root:ROK Done!
INFO:root:2023-10-26 BUY 28 at 35.71
INFO:root:2023-12-01 TP at 40.97
INFO:root:ROL processing
INFO:root:ROL Done!
INFO:root:ROP processing
INFO:root:ROP Done!
INFO:root:ROST processing
INFO:root:ROST Done!
INFO:root:RSG processing
INFO:root:RSG Done!
INFO:root:2021-01-26 BUY 15 at 67.2
INFO:root:2021-01-27 BUY SL at 65.5
INFO:root:RTX processing
INFO:root:RTX Done!
INFO:root:2023-11-03 BUY 11 at 88.16
INFO:root:2023-11-09 BUY SL at 84.16
INFO:root:RVTY processing
INFO:root:RVTY Done!
INFO:root:2023-07-20 SELL 4 at 222.86
INFO:root:2023-09-21 TP at 204.53
INFO:root:SBAC processing
INFO:root:SBAC Done!
INFO:root:2020-03-24 BUY 15 at 64.88
INFO:root:2020-03-26 TP at 71.58
INFO:root:2020-04-21 SELL 14 at 72.72
INFO:root:2020-04-22 SELL SL at 77.45
INFO:root:2022-04-04 SELL 11 at 88.09
INFO:root:2022-04-06 TP at 82.07
INFO:root:SBUX processing
INFO:root:SCHW processing
INFO:root:SCHW Done!
INFO:root:SHW processing
INFO:root:SHW Done!
INFO:root:SJM processing
INFO:root:SJM Done!
INFO:root:2020-06-11 SELL 54 at 18.51
INFO:root:2020-09-29 TP at 15.47
INFO:root:2021-08-23 BUY 36 at 27.49
INFO:root:2021-08-25 TP at 28.77
INFO:root:2023-03-21 BUY 21 at 48.28
INFO:root:2023-03-23 BUY SL at 45.48
INFO:root:SLB processing
INFO:root:2020-11-04 BUY 352 at 2.84
INFO:root:2021-01-06 TP at 3.24
INFO:root:2024-11-18 BUY 46 at 21.54
INFO:root:2024-11-19 TP at 29.5
INFO:root:2024-12-02 BUY 24 at 42.0
INFO:root:2024-12-16 BUY SL at 33.44
INFO:root:SMCI processing
INFO:root:SMCI Done!
INFO:root:2020-04-17 BUY 8 at 118.33
INFO:root:2020-04-21 BUY SL at 110.54
INFO:root:2020-06-11 SELL 8 at 133.33
INFO:root:2020-07-27 SELL SL at 145.61
INFO:root:SNA processing
INFO:root:SNA Done!
INFO:root:2024-12-05 SELL 2 at 515.29
INFO:root:2024-12-09 TP at 504.8
INFO:root:SNPS processing
INFO:root:SNPS Done!
INFO:root:SO processing
INFO:root:SO Done!
INFO:root:SOLV processing
INFO:root:SOLV Done!
INFO:root:2020-06-24 SELL 15 at 65.11
INFO:root:2020-07-01 SELL SL at 69.81
INFO:root:2021-05-11 SELL 8 at 122.64
INFO:root:2021-05-26 SELL SL at 126.7
INFO:root:SPG processing
INFO:root:SPG Done!
INFO:root:SPGI processing
INFO:root:SPGI Done!
INFO:root:SRE processing
INFO:root:SRE Done!
INFO:root:STE processing
INFO:root:STE Done!
INFO:root:2020-04-17 BUY 43 at 23.47
INFO:root:2020-04-21 BUY SL at 22.22
INFO:root:2020-06-11 SELL 39 at 25.59
INFO:root:2020-08-07 SELL SL at 28.49
INFO:root:STLD processing
INFO:root:STLD Done!
INFO:root:2020-05-26 BUY 17 at 60.52
INFO:root:2020-05-28 TP at 65.0
INFO:root:2021-11-26 SELL 11 at 93.35
INFO:root:2021-11-30 TP at 88.61
INFO:root:2022-03-09 BUY 12 at 83.58
INFO:root:2022-03-18 TP at 89.2
INFO:root:2022-11-17 SELL 13 at 74.51
INFO:root:2022-11-30 SELL SL at 79.67
INFO:root:STT processing
INFO:root:2020-03-02 BUY 20 at 50.37
INFO:root:2020-03-09 BUY SL at 45.31
INFO:root:2022-01-27 BUY 10 at 103.68
INFO:root:2022-03-08 BUY SL at 90.57
INFO:root:2022-11-04 BUY 20 at 51.12
INFO:root:2022-11-08 TP at 54.08
INFO:root:2023-03-29 BUY 16 at 63.79
INFO:root:2023-04-03 TP at 66.48
INFO:root:2023-06-20 SELL 16 at 62.58
INFO:root:2023-07-26 TP at 57.32
INFO:root:2024-04-02 SELL 11 at 90.23
INFO:root:2024-04-19 TP at 82.31
INFO:root:STX processing
INFO:root:STX Done!
INFO:root:2020-06-11 SELL 6 at 168.67
INFO:root:2020-06-17 SELL SL at 178.71
INFO:root:STZ processing
INFO:root:STZ Done!
INFO:root:SW processing
INFO:root:SW Done!
INFO:root:2020-04-06 BUY 9 at 106.69
INFO:root:2020-04-07 TP at 114.67
INFO:root:2020-04-30 SELL 9 at 110.2
INFO:root:2020-05-04 TP at 101.5
INFO:root:2022-10-07 SELL 13 at 77.52
INFO:root:2022-10-13 TP at 70.24
INFO:root:2024-08-02 SELL 10 at 98.63
INFO:root:2024-08-26 SELL SL at 100.85
INFO:root:SWK processing
INFO:root:SWK Done!
INFO:root:2020-05-05 BUY 10 at 104.71
INFO:root:2020-05-19 TP at 115.52
INFO:root:2020-06-11 SELL 8 at 123.38
INFO:root:2020-06-17 SELL SL at 130.74
INFO:root:2021-04-30 SELL 6 at 181.33
INFO:root:2021-05-03 TP at 175.25
INFO:root:SWKS processing
INFO:root:SWKS Done!
INFO:root:2020-04-07 BUY 62 at 16.12
INFO:root:2020-04-15 BUY SL at 14.95
INFO:root:2020-05-01 SELL 54 at 18.51
INFO:root:2020-05-13 TP at 15.75
INFO:root:2022-03-29 BUY 27 at 36.76
INFO:root:2022-03-30 BUY SL at 35.73
INFO:root:SYF processing
INFO:root:SYF Done!
INFO:root:2020-04-06 BUY 6 at 165.66
INFO:root:2020-04-07 TP at 179.63
INFO:root:SYK processing
INFO:root:SYK Done!
INFO:root:2020-05-01 SELL 19 at 52.76
INFO:root:2020-05-12 TP at 49.25
INFO:root:2020-11-03 BUY 17 at 60.25
INFO:root:2020-11-09 TP at 76.73
INFO:root:SYY processing
INFO:root:SYY Done!
INFO:root:2020-04-21 SELL 44 at 22.56
INFO:root:2020-04-29 SELL SL at 23.74
INFO:root:2020-06-11 SELL 44 at 22.79
INFO:root:2020-09-21 TP at 21.34
INFO:root:2022-02-25 BUY 55 at 18.06
INFO:root:2022-03-08 BUY SL at 17.37
INFO:root:T processing
INFO:root:T Done!
INFO:root:TAP processing
INFO:root:TAP Done!
INFO:root:2023-03-15 SELL 1 at 697.13
INFO:root:2023-03-28 SELL SL at 719.79
INFO:root:2024-11-07 SELL 1 at 1329.39
INFO:root:2024-11-11 SELL SL at 1374.76
INFO:root:TDG processing
INFO:root:TDG Done!
INFO:root:TDY processing
INFO:root:TDY Done!
INFO:root:2021-12-14 SELL 3 at 351.74
INFO:root:2021-12-21 SELL SL at 380.63
INFO:root:2023-02-03 SELL 6 at 169.3
INFO:root:2023-02-07 SELL SL at 181.16
INFO:root:TEAM processing
INFO:root:TEAM Done!
INFO:root:TECH processing
INFO:root:TECH Done!
INFO:root:2020-05-07 BUY 14 at 73.32
INFO:root:2020-05-12 BUY SL at 71.41
INFO:root:2020-06-09 SELL 11 at 87.08
INFO:root:2020-06-11 TP at 78.59
INFO:root:2024-02-22 BUY 7 at 143.63
INFO:root:2024-03-05 BUY SL at 140.24
INFO:root:TEL processing
INFO:root:TEL Done!
INFO:root:2020-04-15 SELL 16 at 61.1
INFO:root:2020-04-16 SELL SL at 63.86
INFO:root:TER processing
INFO:root:TER Done!
INFO:root:2020-11-04 SELL 23 at 42.68
INFO:root:2020-11-05 SELL SL at 44.93
INFO:root:2020-11-16 BUY 21 at 48.57
INFO:root:2020-11-18 BUY SL at 47.45
INFO:root:2022-02-25 BUY 16 at 62.97
INFO:root:2022-03-01 BUY SL at 58.15
INFO:root:TFC processing
INFO:root:2022-11-10 BUY 5 at 218.2
INFO:root:2022-11-23 TP at 225.89
INFO:root:TFX processing
INFO:root:TFX Done!
INFO:root:TGT processing
INFO:root:TGT Done!
INFO:root:2020-02-26 BUY 16 at 63.99
INFO:root:2020-02-27 BUY SL at 60.12
INFO:root:2020-05-01 SELL 21 at 48.25
INFO:root:2020-05-14 TP at 42.52
INFO:root:TJX processing
INFO:root:TJX Done!
INFO:root:TMO processing
INFO:root:TMO Done!
INFO:root:TMUS processing
INFO:root:2020-06-11 SELL 5 at 191.77
INFO:root:2020-06-16 SELL SL at 213.78
INFO:root:TPL processing
INFO:root:TPL Done!
INFO:root:2020-02-07 SELL 36 at 27.97
INFO:root:2020-02-12 SELL SL at 29.47
INFO:root:2020-04-17 BUY 66 at 15.22
INFO:root:2020-04-20 BUY SL at 14.21
INFO:root:2023-02-09 BUY 22 at 44.71
INFO:root:2023-02-21 BUY SL at 42.37
INFO:root:TPR processing
INFO:root:2020-02-24 SELL 26 at 37.76
INFO:root:2020-02-26 TP at 34.42
INFO:root:2020-06-11 SELL 51 at 19.53
INFO:root:2020-06-16 SELL SL at 22.83
INFO:root:TRGP processing
INFO:root:TRGP Done!
INFO:root:2021-02-02 BUY 14 at 70.81
INFO:root:2021-02-10 TP at 75.7
INFO:root:2022-10-07 SELL 18 at 54.61
INFO:root:2022-10-11 TP at 51.99
INFO:root:TRMB processing
INFO:root:2020-04-17 BUY 10 at 103.49
INFO:root:2020-04-21 BUY SL at 98.85
INFO:root:2022-09-13 SELL 9 at 116.18
INFO:root:2022-09-16 TP at 108.3
INFO:root:2022-10-07 SELL 9 at 106.2
INFO:root:2022-10-12 TP at 97.45
INFO:root:2024-06-14 SELL 9 at 114.9
INFO:root:2024-06-17 SELL SL at 117.04
INFO:root:TROW processing
INFO:root:TROW Done!
INFO:root:2020-06-11 SELL 9 at 110.55
INFO:root:2020-07-16 SELL SL at 120.5
INFO:root:TRV processing
INFO:root:TRV Done!
INFO:root:2022-05-18 SELL 28 at 36.33
INFO:root:2022-06-06 SELL SL at 39.82
INFO:root:TSCO processing
INFO:root:TSCO Done!
INFO:root:2020-09-28 BUY 7 at 140.4
INFO:root:2020-10-14 TP at 155.3
INFO:root:2023-08-21 BUY 4 at 231.28
INFO:root:2023-08-22 TP at 240.82
INFO:root:2024-04-24 BUY 6 at 162.13
INFO:root:2024-04-29 TP at 198.87
INFO:root:TSLA processing
INFO:root:TSLA Done!
INFO:root:2021-02-11 SELL 15 at 65.34
INFO:root:2021-02-18 SELL SL at 67.63
INFO:root:TSN processing
INFO:root:TSN Done!
INFO:root:TT processing
INFO:root:TT Done!
INFO:root:2022-12-15 SELL 21 at 46.78
INFO:root:2023-01-05 TP at 42.35
INFO:root:2023-11-10 SELL 16 at 64.01
INFO:root:2023-12-19 SELL SL at 77.65
INFO:root:TTD processing
INFO:root:2022-08-29 SELL 8 at 122.9
INFO:root:2022-09-09 SELL SL at 127.78
INFO:root:2024-02-09 SELL 6 at 154.91
INFO:root:2024-02-27 TP at 147.01
INFO:root:TTWO processing
INFO:root:2020-02-04 BUY 8 at 126.47
INFO:root:2020-02-05 TP at 132.91
INFO:root:TXN processing
INFO:root:TXN Done!
INFO:root:2020-05-18 BUY 37 at 27.19
INFO:root:2020-05-26 TP at 30.64
INFO:root:TXT processing
INFO:root:TYL processing
INFO:root:TYL Done!
INFO:root:2022-04-13 BUY 22 at 45.14
INFO:root:2022-04-21 TP at 52.46
INFO:root:2022-07-21 SELL 27 at 37.44
INFO:root:2022-08-12 SELL SL at 39.34
INFO:root:2025-01-13 SELL 10 at 104.71
INFO:root:2025-01-14 SELL SL at 107.67
INFO:root:UAL processing
INFO:root:UAL Done!
INFO:root:2020-07-15 BUY 30 at 32.81
INFO:root:2020-07-24 BUY SL at 31.18
INFO:root:2022-10-11 SELL 41 at 24.66
INFO:root:2022-10-18 SELL SL at 27.61
INFO:root:2024-08-06 BUY 15 at 64.87
INFO:root:2024-08-13 TP at 71.19
INFO:root:2024-10-17 SELL 13 at 79.9
INFO:root:2024-10-31 TP at 69.87
INFO:root:UBER processing
INFO:root:UBER Done!
INFO:root:2020-06-11 SELL 26 at 37.8
INFO:root:2020-06-16 SELL SL at 40.1
INFO:root:UDR processing
INFO:root:UDR Done!
INFO:root:2022-10-24 BUY 11 at 93.05
INFO:root:2022-10-26 TP at 110.8
INFO:root:UHS processing
INFO:root:UHS Done!
INFO:root:ULTA processing
INFO:root:ULTA Done!
INFO:root:UNH processing
INFO:root:UNH Done!
INFO:root:UNP processing
INFO:root:UNP Done!
INFO:root:2020-06-11 SELL 10 at 100.47
INFO:root:2020-06-15 SELL SL at 105.64
INFO:root:2023-09-14 BUY 6 at 160.73
INFO:root:2023-09-19 BUY SL at 158.01
INFO:root:2023-11-14 BUY 7 at 143.17
INFO:root:2023-11-15 TP at 147.9
INFO:root:2024-10-24 BUY 7 at 138.35
INFO:root:2024-10-30 BUY SL at 133.8
INFO:root:UPS processing
INFO:root:UPS Done!
INFO:root:2020-06-16 BUY 6 at 158.29
INFO:root:2020-06-24 BUY SL at 142.43
INFO:root:2020-11-04 SELL 6 at 179.19
INFO:root:2020-11-09 SELL SL at 205.82
INFO:root:2022-09-13 SELL 3 at 294.67
INFO:root:2022-09-14 TP at 285.27
INFO:root:URI processing
INFO:root:2021-12-21 BUY 18 at 55.84
INFO:root:2022-01-04 TP at 59.08
INFO:root:2022-02-25 BUY 17 at 57.34
INFO:root:2022-03-01 BUY SL at 53.86
INFO:root:2025-01-16 SELL 21 at 48.03
INFO:root:USB processing
INFO:root:USB Done!
INFO:root:V processing
INFO:root:V Done!
INFO:root:VICI processing
INFO:root:VICI Done!
INFO:root:2021-08-23 BUY 16 at 63.11
INFO:root:2021-08-27 TP at 68.01
INFO:root:2022-07-15 BUY 10 at 104.59
INFO:root:2022-07-26 TP at 111.52
INFO:root:VLO processing
INFO:root:VLO Done!
INFO:root:VLTO processing
INFO:root:VLTO Done!
INFO:root:VMC processing
INFO:root:VMC Done!
INFO:root:2020-04-06 BUY 4 at 243.53
INFO:root:2020-04-07 TP at 252.8
INFO:root:2020-04-21 SELL 4 at 250.95
INFO:root:2020-04-24 SELL SL at 260.14
INFO:root:2020-06-11 SELL 4 at 276.32
INFO:root:2020-07-10 SELL SL at 291.8
INFO:root:VOO processing
INFO:root:VRSK processing
INFO:root:VRSK Done!
INFO:root:2022-11-10 BUY 5 at 191.12
INFO:root:2022-11-30 TP at 202.76
INFO:root:VRSN processing
INFO:root:VRSN Done!
INFO:root:2022-05-02 SELL 4 at 261.96
INFO:root:2022-05-04 SELL SL at 273.7
INFO:root:VRTX processing
INFO:root:VRTX Done!
INFO:root:2024-08-02 SELL 14 at 72.43
INFO:root:2024-08-08 SELL SL at 79.08
INFO:root:VST processing
INFO:root:VST Done!
INFO:root:VTR processing
INFO:root:VTR Done!
INFO:root:2022-11-07 BUY 91 at 10.97
INFO:root:2023-02-01 TP at 12.4
INFO:root:VTRS processing
INFO:root:VTRS Done!
INFO:root:2020-03-02 BUY 17 at 57.32
INFO:root:2020-03-12 BUY SL at 51.2
INFO:root:VZ processing
INFO:root:2020-06-10 SELL 15 at 65.21
INFO:root:2020-06-11 TP at 59.94
INFO:root:WAB processing
INFO:root:WAB Done!
INFO:root:2024-04-23 BUY 3 at 313.3
INFO:root:2024-05-01 TP at 322.44
INFO:root:WAT processing
INFO:root:WAT Done!
INFO:root:2020-11-17 SELL 25 at 39.85
INFO:root:2021-01-07 SELL SL at 45.26
INFO:root:WBA processing
INFO:root:WBA Done!
INFO:root:2020-04-17 BUY 45 at 22.14
INFO:root:2020-04-21 BUY SL at 20.78
INFO:root:2022-11-02 SELL 79 at 12.68
INFO:root:2022-11-03 TP at 11.64
INFO:root:2023-11-08 SELL 106 at 9.4
INFO:root:2023-12-01 SELL SL at 11.33
INFO:root:WBD processing
INFO:root:WBD Done!
INFO:root:WDAY processing
INFO:root:WDAY Done!
INFO:root:2020-05-08 BUY 23 at 44.2
INFO:root:2020-05-12 BUY SL at 40.98
INFO:root:2021-11-26 SELL 17 at 57.76
INFO:root:2021-12-07 SELL SL at 59.17
INFO:root:2022-09-13 SELL 25 at 39.32
INFO:root:2022-09-19 TP at 36.19
INFO:root:2022-11-04 BUY 28 at 35.44
INFO:root:2022-11-10 TP at 37.8
INFO:root:WDC processing
INFO:root:WDC Done!
INFO:root:WEC processing
INFO:root:WEC Done!
INFO:root:2020-04-07 BUY 23 at 44.4
INFO:root:2020-04-09 TP at 58.0
INFO:root:WELL processing
INFO:root:WELL Done!
INFO:root:2020-07-15 BUY 39 at 25.35
INFO:root:2020-07-31 BUY SL at 24.26
INFO:root:2021-11-26 SELL 21 at 48.43
INFO:root:2021-12-07 SELL SL at 50.25
INFO:root:WFC processing
INFO:root:WFC Done!
INFO:root:WM processing
INFO:root:WM Done!
INFO:root:WMB processing
INFO:root:WMB Done!
INFO:root:WMT processing
INFO:root:WMT Done!
INFO:root:2020-05-01 SELL 44 at 22.87
INFO:root:2020-05-13 TP at 20.73
INFO:root:2020-05-18 BUY 43 at 23.08
INFO:root:2020-05-21 TP at 24.85
INFO:root:WRB processing
INFO:root:WRB Done!
INFO:root:WST processing
INFO:root:WST Done!
INFO:root:2020-02-06 SELL 5 at 208.9
INFO:root:2020-02-27 TP at 194.53
INFO:root:WTW processing
INFO:root:WTW Done!
INFO:root:2020-05-01 SELL 56 at 17.97
INFO:root:2020-05-26 SELL SL at 21.1
INFO:root:2020-06-09 SELL 42 at 23.75
INFO:root:2020-06-11 TP at 20.53
INFO:root:WY processing
INFO:root:WY Done!
INFO:root:2020-04-07 BUY 16 at 60.85
INFO:root:2020-04-09 TP at 76.88
INFO:root:2020-11-12 SELL 12 at 86.67
INFO:root:2020-11-13 SELL SL at 92.19
INFO:root:2022-03-16 BUY 13 at 75.17
INFO:root:2022-03-29 TP at 83.76
INFO:root:WYNN processing
INFO:root:WYNN Done!
INFO:root:2020-05-18 BUY 17 at 60.13
INFO:root:2020-05-28 TP at 64.13
INFO:root:XEL processing
INFO:root:XEL Done!
INFO:root:2020-06-11 SELL 22 at 46.18
INFO:root:2020-07-09 TP at 41.29
INFO:root:2021-03-01 BUY 18 at 56.4
INFO:root:2021-03-05 TP at 61.05
INFO:root:2021-12-21 BUY 17 at 60.5
INFO:root:2022-01-03 TP at 63.6
INFO:root:2023-10-11 SELL 9 at 106.49
INFO:root:2023-10-13 SELL SL at 109.87
INFO:root:XOM processing
INFO:root:XOM Done!
INFO:root:2020-06-09 SELL 14 at 70.27
INFO:root:2020-06-11 TP at 63.67
INFO:root:2022-10-07 SELL 11 at 89.27
INFO:root:2022-10-13 TP at 84.16
INFO:root:XYL processing
INFO:root:YUM processing
INFO:root:YUM Done!
INFO:root:ZBH processing
INFO:root:ZBH Done!
INFO:root:2020-04-06 BUY 5 at 191.85
INFO:root:2020-04-07 TP at 200.38
INFO:root:ZBRA processing
INFO:root:ZBRA Done!
INFO:root:2022-09-09 BUY 5 at 188.0
INFO:root:2022-09-12 TP at 194.21
INFO:root:2022-12-02 SELL 8 at 128.99
INFO:root:2022-12-06 TP at 115.35
INFO:root:2024-02-22 BUY 4 at 226.15
INFO:root:2024-03-04 BUY SL at 214.22
INFO:root:ZS processing
INFO:root:ZS Done!
INFO:root:2022-07-15 BUY 6 at 174.54
INFO:root:2022-08-09 BUY SL at 169.55
INFO:root:ZTS processing
INFO:root:ZTS Done!
INFO:root:Position Updated
INFO:httpx:HTTP Request: POST https://api.telegram.org/bot7078878172:AAFxUifgJeP4LP6byH24PrvGe02Pvx0UgDc/sendMessage "HTTP/1.1 200 OK"
INFO:root:Telegram Message Sent
INFO:root:Cannot read full excel!
INFO:root:Signal Excel Modified
INFO:root:History Excel Modified
INFO:root:Public Excel Modified
INFO:root:Google Sheet Uploaded
INFO:root:History Google Sheet Uploaded
INFO:root:Google Sheet Uploaded
INFO:root:Execution time:363.46799778938293seconds
INFO:root:Signal generation finishes
